// Vitest Snapshot v1, https://vitest.dev/guide/snapshot.html

exports[`RelatedArticle > matches the snapshot 1`] = `
<DocumentFragment>
  <div
    class="margin-bottom-neg-7 padding-bottom-4 padding-top-2 bg-primary-lighter"
  >
    <div
      class="grid-container padding-top-4 padding-bottom-10"
      data-testid="gridContainer"
    >
      <h2
        class="margin-top-0 margin-bottom-1"
      >
        Related help articles
      </h2>
      <dt
        class="margin-bottom-4"
      >
        Below are some additional help articles that you may find useful.
      </dt>
      <ul
        class="usa-card-group"
        data-testid="CardGroup"
      >
        <li
          class="usa-card desktop:grid-col-4 article article-card--isLink"
          data-testid="article-card"
        >
          <div
            class="usa-card__container radius-md shadow-2 minh-mobile padding-3"
          >
            <header
              class="usa-card__header padding-0"
              data-testid="CardHeader"
            >
              <h3
                class="line-height-body-4 margin-bottom-1"
              >
                Sample Model Plan
              </h3>
            </header>
            <a
              class="usa-link width-fit-content display-block "
              href="/help-and-knowledge/articles?category=getting-started"
            >
              <span
                aria-label="Articles under the Getting started category"
                class="mint-tag article__tag bg-primary-lighter text-primary text-no-uppercase text-bold font-body-sm"
                data-testid="tag"
              >
                Getting started
              </span>
            </a>
            <div
              class="usa-card__body padding-x-0 article__body padding-top-2"
              data-testid="CardBody"
            >
              <p>
                This is example data and may not reflect exact model decisions. Use this as a reference to better understand the type of information needed for a Model Plan.
              </p>
            </div>
            <div
              class="usa-card__footer padding-x-0 padding-top-2 padding-bottom-0"
              data-testid="CardFooter"
            >
              <button
                aria-label="Read Sample Model Plan article"
                class="usa-button usa-button--outline"
                type="button"
              >
                Read
              </button>
            </div>
          </div>
        </li>
        <li
          class="usa-card desktop:grid-col-4 article article-card--isLink"
          data-testid="article-card"
        >
          <div
            class="usa-card__container radius-md shadow-2 minh-mobile padding-3"
          >
            <header
              class="usa-card__header padding-0"
              data-testid="CardHeader"
            >
              <h3
                class="line-height-body-4 margin-bottom-1"
              >
                About 2-page concept papers and review meetings
              </h3>
            </header>
            <a
              class="usa-link width-fit-content display-block "
              href="/help-and-knowledge/articles?category=model-concept-and-design"
            >
              <span
                aria-label="Articles under the Model concept and design category"
                class="mint-tag article__tag bg-primary-lighter text-primary text-no-uppercase text-bold font-body-sm"
                data-testid="tag"
              >
                Model concept and design
              </span>
            </a>
            <div
              class="usa-card__body padding-x-0 article__body padding-top-2"
              data-testid="CardBody"
            >
              <p>
                Model teams can use this article to learn more about 2-page concept papers, access helpful resources, and ensure they are fully prepared for the 2-page concept review meeting with CMMI Front Office (FO). Others working with new model teams or interested in the CMMI model development process can use this article and the linked resources to learn more about the 2-page concept paper phase of the process.
              </p>
            </div>
            <div
              class="usa-card__footer padding-x-0 padding-top-2 padding-bottom-0"
              data-testid="CardFooter"
            >
              <button
                aria-label="Read About 2-page concept papers and review meetings article"
                class="usa-button usa-button--outline"
                type="button"
              >
                Read
              </button>
            </div>
          </div>
        </li>
        <li
          class="usa-card desktop:grid-col-4 article article-card--isLink"
          data-testid="article-card"
        >
          <div
            class="usa-card__container radius-md shadow-2 minh-mobile padding-3"
          >
            <header
              class="usa-card__header padding-0"
              data-testid="CardHeader"
            >
              <h3
                class="line-height-body-4 margin-bottom-1"
              >
                About 6-page concept papers and review meetings
              </h3>
            </header>
            <a
              class="usa-link width-fit-content display-block "
              href="/help-and-knowledge/articles?category=model-concept-and-design"
            >
              <span
                aria-label="Articles under the Model concept and design category"
                class="mint-tag article__tag bg-primary-lighter text-primary text-no-uppercase text-bold font-body-sm"
                data-testid="tag"
              >
                Model concept and design
              </span>
            </a>
            <div
              class="usa-card__body padding-x-0 article__body padding-top-2"
              data-testid="CardBody"
            >
              <p>
                Once CMMI Front Office (FO) approves the 2-page model concept, model teams can begin developing the 6-page concept paper. Model teams can use this article to learn more about 6-page concept papers, access helpful resources, and ensure they are fully prepared for the 6-page concept review meeting with CMMI Front Office (FO). Others working with new model teams or interested in the CMMI model development process can use this article and the linked resources to learn more about the 6-page concept paper phase of the process.
              </p>
            </div>
            <div
              class="usa-card__footer padding-x-0 padding-top-2 padding-bottom-0"
              data-testid="CardFooter"
            >
              <button
                aria-label="Read About 6-page concept papers and review meetings article"
                class="usa-button usa-button--outline"
                type="button"
              >
                Read
              </button>
            </div>
          </div>
        </li>
      </ul>
    </div>
  </div>
</DocumentFragment>
`;
