// Jest Snapshot v1, https://goo.gl/fbAQLP

exports[`The making a request page matches the snapshot 1`] = `
<main
  className="easi-main-content grid-container line-height-body-5 margin-bottom-5"
  data-testid="making-a-system-request"
  id="main-content"
  role="main"
  tabIndex={-1}
>
  <h1
    aria-live="polite"
    className="easi-h1"
    tabIndex={-1}
  >
    IT Governance
  </h1>
  <p>
    You can make a request to:
  </p>
  <ul>
    <li>
      add a new system
    </li>
    <li>
      make major changes or updates
    </li>
    <li>
      re-compete a contract
    </li>
    <li>
      decomission a system
    </li>
  </ul>
  <p>
    If you are looking for help with Enterprise Architecture or the Navigator program, please get in touch with them directly at:
     
    <a
      className="usa-link"
      href="mailto:EnterpriseArchitecture@cms.hhs.gov"
    >
      EnterpriseArchitecture@cms.hhs.gov
    </a>
    .
  </p>
  <p
    className="margin-bottom-3"
  >
    For all other questions, you can reach the CMS IT Governance team at: 
     
    <a
      className="usa-link"
      href="mailto:IT_Governance@cms.hhs.gov"
    >
      IT_Governance@cms.hhs.gov
    </a>
    .
  </p>
  <a
    className="usa-button"
    href="/system/request-type"
    onClick={[Function]}
  >
    Start a new request
  </a>
</main>
`;
