// Jest Snapshot v1, https://goo.gl/fbAQLP

exports[`The accessibility testing overview matches the snapshot 1`] = `
<div
  className="grid-container"
>
  <div
    className="tablet:grid-col-10"
  >
    <nav
      aria-label="Breadcrumbs"
      className="usa-breadcrumb usa-breadcrumb--wrap"
    >
      <ol
        className="usa-breadcrumb__list"
      >
        <li
          className="usa-breadcrumb__list-item"
        >
          <a
            className="usa-breadcrumb__link"
            href="/"
            onClick={[Function]}
          >
            <span>
              Home
            </span>
          </a>
        </li>
        <li
          aria-current="page"
          className="usa-breadcrumb__list-item usa-current"
        >
          Steps involved in 508 testing
        </li>
      </ol>
    </nav>
    <h1
      aria-live="polite"
      className="easi-h1"
      tabIndex={-1}
    >
      Steps involved in 508 testing
    </h1>
    <p
      className="accessibility-testing-overview__description"
    >
      Here is an overview of the 508 process for testing your application.
    </p>
  </div>
  <div
    className="tablet:grid-col-6 margin-top-6"
  >
    <ol
      className="usa-process-list"
    >
      <li
        className="usa-process-list__item"
      >
        <h3
          className="usa-process-list__heading"
          data-testid="processListHeading"
        >
          Fill the request form in EASi
        </h3>
        <p>
          Tell the 508 team which application you plan to test.
        </p>
      </li>
      <li
        className="usa-process-list__item"
      >
        <h3
          className="usa-process-list__heading"
          data-testid="processListHeading"
        >
          Prepare and upload the VPAT and Test plan
        </h3>
        Download and fill the VPAT and Test plan from the 
        <a
          className="usa-link"
          href="/508/templates"
          onClick={[Function]}
          rel="noopener noreferrer"
          target="_blank"
        >
          templates page (opens in a new tab)
        </a>
        . These documents will help the 508 team prepare for testing. Uploaded your completed documents to EASi for the 508 team to review.
        <p
          className="margin-bottom-0"
        >
          The 508 team will get back to you via email about any changes needed prior to testing.
        </p>
      </li>
      <li
        className="usa-process-list__item"
      >
        <h3
          className="usa-process-list__heading"
          data-testid="processListHeading"
        >
          Attend the testing session
        </h3>
        <p>
          The 508 team will work with you to schedule a testing session and you will test your application together. Depending on the results, you may need to address any issues and retest.
        </p>
      </li>
      <li
        className="usa-process-list__item"
      >
        <h3
          className="usa-process-list__heading"
          data-testid="processListHeading"
        >
          Receive results
        </h3>
        <p>
          Your test score will determine your next steps:
        </p>
        <dl
          title="508 test scores"
        >
          <dt
            className="text-bold margin-bottom-1"
          >
            99% and above
          </dt>
          <dd
            className="margin-left-0 margin-bottom-2"
          >
            508 testing is complete and you can release your application.
          </dd>
          <dt
            className="text-bold margin-bottom-1"
          >
            Between 99% and 75%
          </dt>
          <dd
            className="margin-left-0 margin-bottom-2"
          >
            You can release your application but you will need fix the issues and retest within a year. You need to submit a remediation plan as a part of retesting.
          </dd>
          <dt
            className="text-bold margin-bottom-1"
          >
            75% and below
          </dt>
          <dd
            className="margin-left-0"
          >
            You cannot release your application. You need to fix all issues right away and retest.
          </dd>
        </dl>
      </li>
    </ol>
    <div
      className="easi-collapsable-link"
    >
      <button
        aria-controls="easi-508-testing-exception"
        aria-expanded={false}
        className="usa-button usa-button--unstyled"
        data-testid="collapsable-link"
        onClick={[Function]}
        type="button"
      >
        <svg
          className="usa-icon"
          focusable={false}
          height="1em"
          role="img"
          viewBox="0 0 24 24"
          width="1em"
          xmlns="http://www.w3.org/2000/svg"
        >
          <path
            d="M0 0h24v24H0z"
            fill="none"
          />
          <path
            d="M10 6 8.59 7.41 13.17 12l-4.58 4.59L10 18l6-6z"
          />
        </svg>
        What if I need an exception from 508 testing?
      </button>
    </div>
  </div>
</div>
`;
