// Vitest Snapshot v1, https://vitest.dev/guide/snapshot.html

exports[`Read Only Model Plan Summary -- Beneficiaries > matches snapshot 1`] = `
<DocumentFragment>
  <div
    class="read-only-model-plan--beneficiaries"
    data-testid="read-only-model-plan--beneficiaries"
  >
    <div
      class="display-flex flex-justify flex-align-start"
    >
      <h2
        class="margin-top-0 margin-bottom-4"
      >
        Beneficiaries
      </h2>
      <div>
        <div
          class="model-plan-task-list__task-tag line-height-body-1 text-bold mint-no-print bg-warning"
          data-testid="tasklist-tag"
        >
          <span>
            In progress
          </span>
        </div>
      </div>
    </div>
    <div
      class="margin-bottom-4 padding-bottom-2 border-bottom-1px border-base-light"
    >
      <div
        class="desktop:grid-col-12"
        data-testid="grid"
      >
        <div
          class="read-only-section read-only-section--who-are-the-beneficiaries-of-this-model margin-bottom-3"
        >
          <p
            class="text-bold margin-y-0 font-body-sm line-height-sans-4 text-pre-line"
          >
            Who are the beneficiaries of this model?
          </p>
          <ul
            class="margin-y-0 padding-left-3"
          >
            <li
              class="font-sans-md line-height-sans-4"
            >
              <div
                class="display-flex flex-align-center"
              >
                Disease-specific
              </div>
            </li>
            <li
              class="font-sans-md line-height-sans-4"
            >
              <div
                class="display-flex flex-align-center"
              >
                Dually-eligible beneficiaries
              </div>
            </li>
          </ul>
        </div>
        <div
          class="desktop:grid-col-12"
          data-testid="grid"
        >
          <div
            class="read-only-section read-only-section--notes margin-bottom-3"
          >
            <p
              class="text-bold margin-y-0 font-body-sm line-height-sans-4 text-pre-line"
            >
              Notes
            </p>
            <p
              class="margin-y-0 font-body-md line-height-sans-4 text-pre-line"
            >
              Note beneficiary
            </p>
          </div>
        </div>
      </div>
      <div
        class="desktop:grid-col-12"
        data-testid="grid"
      >
        <div
          class="read-only-section read-only-section--please-describe-the-disease-specific-groups-this-model-will-impact margin-bottom-3"
        >
          <p
            class="text-bold margin-y-0 font-body-sm line-height-sans-4 text-pre-line"
          >
            Please describe the disease-specific groups this model will impact.
          </p>
          <p
            class="margin-y-0 font-body-md line-height-sans-4 text-pre-line"
          >
            Other disease group
          </p>
        </div>
      </div>
      <div
        class="grid-row grid-gap"
        data-testid="grid"
      >
        <div
          class="desktop:grid-col-6"
          data-testid="grid"
        >
          <div
            class="desktop:grid-col-12"
            data-testid="grid"
          >
            <div
              class="read-only-section read-only-section--should-dually-eligible-beneficiaries-be-treated-differently-than-non-dually-eligibles margin-bottom-3"
            >
              <p
                class="text-bold margin-y-0 font-body-sm line-height-sans-4 text-pre-line"
              >
                Should dually-eligible beneficiaries be treated differently than non-dually eligibles?
              </p>
              <p
                class="margin-y-0 font-body-md line-height-sans-4 text-pre-line"
              >
                Yes
              </p>
            </div>
          </div>
        </div>
        <div
          class="desktop:grid-col-6"
          data-testid="grid"
        >
          <div
            class="desktop:grid-col-12"
            data-testid="grid"
          >
            <div
              class="read-only-section read-only-section--how-so margin-bottom-3"
            >
              <p
                class="text-bold margin-y-0 font-body-sm line-height-sans-4 text-pre-line"
              >
                How so?
              </p>
              <p
                class="margin-y-0 font-body-md line-height-sans-4 text-pre-line"
              >
                This is how
              </p>
            </div>
          </div>
        </div>
      </div>
      <div
        class="desktop:grid-col-12"
        data-testid="grid"
      >
        <div
          class="read-only-section read-only-section--notes margin-bottom-3"
        >
          <p
            class="text-bold margin-y-0 font-body-sm line-height-sans-4 text-pre-line"
          >
            Notes
          </p>
          <p
            class="margin-y-0 font-body-md line-height-sans-4 text-pre-line"
          >
            Treat note
          </p>
        </div>
      </div>
      <div
        class="grid-row grid-gap"
        data-testid="grid"
      >
        <div
          class="desktop:grid-col-12"
          data-testid="grid"
        >
          <div
            class="read-only-section read-only-section--should-beneficiaries-with-certain-characteristics-or-enrollments-be-excluded margin-bottom-3"
          >
            <p
              class="text-bold margin-y-0 font-body-sm line-height-sans-4 text-pre-line"
            >
              Should beneficiaries with certain characteristics or enrollments be excluded?
            </p>
            <p
              class="margin-y-0 font-body-md line-height-sans-4 text-pre-line"
            >
              No
            </p>
          </div>
        </div>
      </div>
      <div
        class="desktop:grid-col-12"
        data-testid="grid"
      >
        <div
          class="read-only-section read-only-section--notes margin-bottom-3"
        >
          <p
            class="text-bold margin-y-0 font-body-sm line-height-sans-4 text-pre-line"
          >
            Notes
          </p>
          <p
            class="margin-y-0 font-body-md line-height-sans-4 text-pre-line"
          >
            Exclude note
          </p>
        </div>
      </div>
    </div>
    <div
      class="margin-bottom-4 padding-bottom-2 border-bottom-1px border-base-light"
    >
      <div
        class="desktop:grid-col-12"
        data-testid="grid"
      >
        <div
          class="read-only-section read-only-section--how-many-people-do-you-think-will-be-impacted-by-this-model margin-bottom-3"
        >
          <p
            class="text-bold margin-y-0 font-body-sm line-height-sans-4 text-pre-line"
          >
            How many people do you think will be impacted by this model?
          </p>
          <p
            class="margin-y-0 font-body-md line-height-sans-4 text-pre-line"
          >
            1234
          </p>
        </div>
      </div>
      <div
        class="desktop:grid-col-12"
        data-testid="grid"
      >
        <div
          class="read-only-section read-only-section--what-is-your-level-of-confidence-on-this-estimate margin-bottom-3"
        >
          <p
            class="text-bold margin-y-0 font-body-sm line-height-sans-4 text-pre-line"
          >
            What is your level of confidence on this estimate?
          </p>
          <p
            class="margin-y-0 font-body-md line-height-sans-4 text-pre-line"
          >
            Completely confident
          </p>
        </div>
        <div
          class="desktop:grid-col-12"
          data-testid="grid"
        >
          <div
            class="read-only-section read-only-section--notes margin-bottom-3"
          >
            <p
              class="text-bold margin-y-0 font-body-sm line-height-sans-4 text-pre-line"
            >
              Notes
            </p>
            <p
              class="margin-y-0 font-body-md line-height-sans-4 text-pre-line"
            >
              Note of confidence
            </p>
          </div>
        </div>
      </div>
      <div
        class="desktop:grid-col-12"
        data-testid="grid"
      >
        <div
          class="read-only-section read-only-section--how-will-you-choose-beneficiaries margin-bottom-3"
        >
          <p
            class="text-bold margin-y-0 font-body-sm line-height-sans-4 text-pre-line"
          >
            How will you choose beneficiaries?
          </p>
          <ul
            class="margin-y-0 padding-left-3"
          >
            <li
              class="font-sans-md line-height-sans-4"
            >
              <div
                class="display-flex flex-align-center"
              >
                Historical claims
              </div>
            </li>
          </ul>
        </div>
        <div
          class="desktop:grid-col-12"
          data-testid="grid"
        >
          <div
            class="read-only-section read-only-section--notes margin-bottom-3"
          >
            <p
              class="text-bold margin-y-0 font-body-sm line-height-sans-4 text-pre-line"
            >
              Notes
            </p>
            <p
              class="margin-y-0 font-body-md line-height-sans-4 text-pre-line"
            >
              Note selection
            </p>
          </div>
        </div>
      </div>
    </div>
    <div>
      <div
        class="desktop:grid-col-12"
        data-testid="grid"
      >
        <div
          class="read-only-section read-only-section--how-frequently-are-beneficiaries-chosen margin-bottom-3"
        >
          <p
            class="text-bold margin-y-0 font-body-sm line-height-sans-4 text-pre-line"
          >
            How frequently are beneficiaries chosen?
          </p>
          <p
            class="margin-y-0 font-body-md line-height-sans-4 text-pre-line"
          >
            Annually
          </p>
        </div>
        <div
          class="desktop:grid-col-12"
          data-testid="grid"
        >
          <div
            class="read-only-section read-only-section--notes margin-bottom-3"
          >
            <p
              class="text-bold margin-y-0 font-body-sm line-height-sans-4 text-pre-line"
            >
              Notes
            </p>
            <p
              class="margin-y-0 font-body-md line-height-sans-4 text-pre-line"
            >
              Note frequency
            </p>
          </div>
        </div>
      </div>
      <div
        class="desktop:grid-col-12"
        data-testid="grid"
      >
        <div
          class="read-only-section read-only-section--will-the-beneficiaries-overlap-with-other-models margin-bottom-3"
        >
          <p
            class="text-bold margin-y-0 font-body-sm line-height-sans-4 text-pre-line"
          >
            Will the beneficiaries overlap with other models?
          </p>
          <p
            class="margin-y-0 font-body-md line-height-sans-4 text-pre-line"
          >
            Yes, we expect to develop policies to manage the overlaps
          </p>
        </div>
        <div
          class="desktop:grid-col-12"
          data-testid="grid"
        >
          <div
            class="read-only-section read-only-section--notes margin-bottom-3"
          >
            <p
              class="text-bold margin-y-0 font-body-sm line-height-sans-4 text-pre-line"
            >
              Notes
            </p>
            <p
              class="margin-y-0 font-body-md line-height-sans-4 text-pre-line"
            >
              Note overlap
            </p>
          </div>
        </div>
      </div>
      <div
        class="desktop:grid-col-12"
        data-testid="grid"
      >
        <div
          class="read-only-section read-only-section--are-there-precedence-rules-between-this-model-and-other-model-s margin-bottom-3"
        >
          <p
            class="text-bold margin-y-0 font-body-sm line-height-sans-4 text-pre-line"
          >
            Are there precedence rules between this model and other model(s)?
          </p>
          <ul
            class="margin-y-0 padding-left-3"
          >
            <li
              class="font-sans-md line-height-sans-4"
            >
              <div
                class="display-flex flex-align-center"
              >
                Yes
              </div>
            </li>
            <ul
              data-testid="other-entry"
            >
              <li
                class="font-sans-md line-height-sans-4"
              >
                Yes precedence rules
              </li>
            </ul>
          </ul>
        </div>
      </div>
    </div>
  </div>
</DocumentFragment>
`;
