// Vitest Snapshot v1, https://vitest.dev/guide/snapshot.html

exports[`The ReadyForReview Component > matches snapshot 1`] = `
<DocumentFragment>
  <div
    class="usa-form-group margin-top-8 margin-bottom-3"
  >
    <div
      class="usa-summary-box bg-white border-base-light padding-2"
      data-testid="summary-box"
    >
      <div
        class="usa-summary-box__body"
      >
        <p
          class="margin-0"
        >
          Model Plan status
        </p>
        <div
          class="mint-checkbox usa-checkbox"
        >
          <input
            class="usa-checkbox__input"
            data-testid="readyForReview"
            id="readyForReview"
            name="field"
            type="checkbox"
            value="field"
          />
          <label
            class="usa-checkbox__label"
            for="readyForReview"
          >
            This section of the Model Plan (Basics) is ready for review.
          </label>
          <p
            class="margin-y-1 margin-left-4 line-height-body-3 font-body-2xs text-pre-line"
          />
        </div>
      </div>
    </div>
  </div>
</DocumentFragment>
`;
