// Vitest Snapshot v1, https://vitest.dev/guide/snapshot.html

exports[`Model Plan Coordination > matches snapshot 1`] = `
<DocumentFragment>
  <nav
    aria-label="Breadcrumbs"
    class="usa-breadcrumb usa-breadcrumb--wrap"
  >
    <ol
      class="usa-breadcrumb__list"
    >
      <li
        class="usa-breadcrumb__list-item"
      >
        <a
          class="usa-link usa-breadcrumb__link"
          href="/"
        >
          <span>
            Home
          </span>
        </a>
      </li>
      <li
        class="usa-breadcrumb__list-item"
      >
        <a
          class="usa-link usa-breadcrumb__link"
          href="/models/ce3405a0-3399-4e3a-88d7-3cfc613d2905/collaboration-area"
        >
          <span>
            Model collaboration area
          </span>
        </a>
      </li>
      <li
        class="usa-breadcrumb__list-item"
      >
        <a
          class="usa-link usa-breadcrumb__link"
          href="/models/ce3405a0-3399-4e3a-88d7-3cfc613d2905/collaboration-area/task-list"
        >
          <span>
            Model Plan task list
          </span>
        </a>
      </li>
      <li
        aria-current="page"
        class="usa-breadcrumb__list-item usa-current"
      >
        <span>
          Participants and providers
        </span>
      </li>
    </ol>
  </nav>
  <h1
    aria-live="polite"
    class="mint-h1 margin-top-4 margin-bottom-2"
    tabindex="-1"
  >
    Participants and providers
  </h1>
  <p
    class="margin-top-0 margin-bottom-1 font-body-lg"
    data-testid="model-plan-name"
  >
    for My excellent plan that I just initiated
  </p>
  <p
    class="margin-bottom-2 font-body-md line-height-sans-4"
  >
    If there's a question or field that is not applicable to your model or you don't currently know the answer, you may leave it blank. If you need help, ask a question using the link below.
  </p>
  <div
    class="padding-2 bg-primary-lighter"
  >
    <div
      class="display-flex"
      data-testid="ask-a-question"
    >
      <svg
        class="usa-icon text-primary margin-right-1"
        focusable="false"
        height="1em"
        role="img"
        viewBox="0 0 24 24"
        width="1em"
        xmlns="http://www.w3.org/2000/svg"
      >
        <path
          d="M20 2H4c-1.1 0-1.99.9-1.99 2L2 22l4-4h14c1.1 0 2-.9 2-2V4c0-1.1-.9-2-2-2zm-7 9h-2V5h2v6zm0 4h-2v-2h2v2z"
        />
      </svg>
      <button
        class="usa-button usa-button--unstyled"
        data-testid="ask-a-question-button"
        type="button"
      >
        Start a discussion
      </button>
    </div>
  </div>
  <form
    action="#"
    class="desktop:grid-col-6 margin-top-6"
    data-testid="participants-and-providers-coordination-form"
  >
    <fieldset
      class="usa-fieldset"
      data-testid="fieldset"
    >
      <div
        class="usa-form-group"
        data-scroll="participantRequireFinancialGuarantee"
      >
        <div
          class="display-flex flex-align-center"
        >
          <label
            class="usa-label"
            data-testid="label"
            for="participants-and-providers-participant-require-financial-guarantee"
          >
            Are participants required to retain a financial guarantee?
          </label>
          <span
            class="usa-tooltip"
            data-testid="tooltipWrapper"
          >
            <div
              aria-describedby="tooltip-550000"
              class="usa-tooltip__trigger mint-no-print margin-left-1"
              data-testid="triggerElement"
              position="right"
              tabindex="0"
              title=""
            >
              <svg
                class="usa-icon text-base-light"
                focusable="false"
                height="1em"
                role="img"
                viewBox="0 0 24 24"
                width="1em"
                xmlns="http://www.w3.org/2000/svg"
              >
                <path
                  d="M12 2C6.48 2 2 6.48 2 12s4.48 10 10 10 10-4.48 10-10S17.52 2 12 2zm1 15h-2v-6h2v6zm0-8h-2V7h2v2z"
                />
              </svg>
            </div>
            <span
              aria-hidden="true"
              class="usa-tooltip__body"
              data-testid="tooltipBody"
              id="tooltip-550000"
              role="tooltip"
              title="Financial guarantees are commitments made by one party, typically a financial institution or a company, to assume responsibility for the payment of a debt or the performance of an obligation if the debtor or obligor fails to fulfill their obligations."
            >
              Financial guarantees are commitments made by one party, typically a financial institution or a company, to assume responsibility for the payment of a debt or the performance of an obligation if the debtor or obligor fails to fulfill their obligations.
            </span>
          </span>
        </div>
        <p
          class="text-base margin-0 line-height-body-3"
        >
          Note: Remember to include financial guarantee requirements when drafting your Participation Agreement.
        </p>
        <fieldset
          class="usa-fieldset"
          data-testid="fieldset"
        >
          <div
            class="usa-radio"
            data-testid="radio"
          >
            <input
              class="usa-radio__input"
              data-testid="participants-and-providers-participant-require-financial-guarantee-true"
              id="participants-and-providers-participant-require-financial-guarantee-true"
              name="participantRequireFinancialGuarantee"
              type="radio"
              value="TRUE"
            />
            <label
              class="usa-radio__label"
              for="participants-and-providers-participant-require-financial-guarantee-true"
            >
              Yes
            </label>
          </div>
          <div
            class="usa-radio"
            data-testid="radio"
          >
            <input
              class="usa-radio__input"
              data-testid="participants-and-providers-participant-require-financial-guarantee-false"
              id="participants-and-providers-participant-require-financial-guarantee-false"
              name="participantRequireFinancialGuarantee"
              type="radio"
              value="FALSE"
            />
            <label
              class="usa-radio__label"
              for="participants-and-providers-participant-require-financial-guarantee-false"
            >
              No
            </label>
          </div>
        </fieldset>
        <div
          class="usa-form-group"
          data-scroll="participantRequireFinancialGuaranteeType"
        >
          <label
            class="usa-label text-normal margin-top-4"
            data-testid="label"
            for="participants-and-providers-participant-require-financial-guarantee-type"
          >
            If so, are there any limitations on the type?
          </label>
          <div
            class="mint-checkbox usa-checkbox"
          >
            <input
              class="usa-checkbox__input"
              id="participants-and-providers-participant-require-financial-guarantee-type-SURETY_BOND"
              name="participantRequireFinancialGuaranteeType"
              type="checkbox"
              value="SURETY_BOND"
            />
            <label
              class="usa-checkbox__label"
              for="participants-and-providers-participant-require-financial-guarantee-type-SURETY_BOND"
            >
              Surety Bond
            </label>
            <p
              class="margin-y-1 margin-left-4 line-height-body-3 font-body-2xs text-pre-line"
            />
          </div>
          <div
            class="mint-checkbox usa-checkbox"
          >
            <input
              class="usa-checkbox__input"
              id="participants-and-providers-participant-require-financial-guarantee-type-LETTER_OF_CREDIT"
              name="participantRequireFinancialGuaranteeType"
              type="checkbox"
              value="LETTER_OF_CREDIT"
            />
            <label
              class="usa-checkbox__label"
              for="participants-and-providers-participant-require-financial-guarantee-type-LETTER_OF_CREDIT"
            >
              Letter of Credit
            </label>
            <p
              class="margin-y-1 margin-left-4 line-height-body-3 font-body-2xs text-pre-line"
            />
          </div>
          <div
            class="mint-checkbox usa-checkbox"
          >
            <input
              checked=""
              class="usa-checkbox__input"
              id="participants-and-providers-participant-require-financial-guarantee-type-ESCROW"
              name="participantRequireFinancialGuaranteeType"
              type="checkbox"
              value="ESCROW"
            />
            <label
              class="usa-checkbox__label"
              for="participants-and-providers-participant-require-financial-guarantee-type-ESCROW"
            >
              Escrow
            </label>
            <p
              class="margin-y-1 margin-left-4 line-height-body-3 font-body-2xs text-pre-line"
            />
          </div>
          <div
            class="mint-checkbox usa-checkbox"
          >
            <input
              class="usa-checkbox__input"
              id="participants-and-providers-participant-require-financial-guarantee-type-OTHER"
              name="participantRequireFinancialGuaranteeType"
              type="checkbox"
              value="OTHER"
            />
            <label
              class="usa-checkbox__label"
              for="participants-and-providers-participant-require-financial-guarantee-type-OTHER"
            >
              Other
            </label>
            <p
              class="margin-y-1 margin-left-4 line-height-body-3 font-body-2xs text-pre-line"
            />
          </div>
        </div>
        <div
          class="margin-top-3 margin-bottom-6"
        >
          <button
            class="usa-button usa-button usa-button--unstyled"
            data-testid="add-note-toggle"
            type="button"
          >
            <svg
              aria-hidden="true"
              class="usa-icon margin-right-1"
              focusable="false"
              height="1em"
              role="img"
              viewBox="0 0 24 24"
              width="1em"
              xmlns="http://www.w3.org/2000/svg"
            >
              <path
                d="M19 13h-6v6h-2v-6H5v-2h6V5h2v6h6v2z"
              />
            </svg>
            Add an additional note
          </button>
        </div>
      </div>
      <div
        class="usa-form-group margin-bottom-8"
      >
        <label
          class="usa-label"
          data-testid="label"
          for="participants-and-providers-coordniate-work"
        >
          Will the participants coordinate the work of others?
        </label>
        <p
          class="text-base margin-0 line-height-body-3"
        >
          (e.g. conveners)
        </p>
        <fieldset
          class="usa-fieldset"
          data-testid="fieldset"
        >
          <div
            class="usa-radio"
            data-testid="radio"
          >
            <input
              class="usa-radio__input"
              data-testid="participants-and-providers-coordniate-work-true"
              id="participants-and-providers-coordniate-work-true"
              name="coordinateWork"
              type="radio"
              value="TRUE"
            />
            <label
              class="usa-radio__label"
              for="participants-and-providers-coordniate-work-true"
            >
              Yes
            </label>
          </div>
          <div
            class="usa-radio"
            data-testid="radio"
          >
            <input
              class="usa-radio__input"
              data-testid="participants-and-providers-coordniate-work-false"
              id="participants-and-providers-coordniate-work-false"
              name="coordinateWork"
              type="radio"
              value="FALSE"
            />
            <label
              class="usa-radio__label"
              for="participants-and-providers-coordniate-work-false"
            >
              No
            </label>
          </div>
        </fieldset>
        <div
          class="margin-top-3 margin-bottom-6"
        >
          <button
            class="usa-button usa-button usa-button--unstyled"
            data-testid="add-note-toggle"
            type="button"
          >
            <svg
              aria-hidden="true"
              class="usa-icon margin-right-1"
              focusable="false"
              height="1em"
              role="img"
              viewBox="0 0 24 24"
              width="1em"
              xmlns="http://www.w3.org/2000/svg"
            >
              <path
                d="M19 13h-6v6h-2v-6H5v-2h6V5h2v6h6v2z"
              />
            </svg>
            Add an additional note
          </button>
        </div>
      </div>
      <div
        class="usa-form-group margin-y-4 margin-bottom-8"
      >
        <label
          class="usa-label"
          data-testid="label"
          for="participants-and-providers-gainshare-payment"
        >
          Will there be gainsharing payments?
        </label>
        <fieldset
          class="usa-fieldset"
          data-testid="fieldset"
        >
          <div
            class="usa-radio"
            data-testid="radio"
          >
            <input
              class="usa-radio__input"
              data-testid="participants-and-providers-gainshare-payment-true"
              id="participants-and-providers-gainshare-payment-true"
              name="gainsharePayments"
              type="radio"
              value="TRUE"
            />
            <label
              class="usa-radio__label"
              for="participants-and-providers-gainshare-payment-true"
            >
              Yes
            </label>
          </div>
          <div
            class="usa-radio"
            data-testid="radio"
          >
            <input
              class="usa-radio__input"
              data-testid="participants-and-providers-gainshare-payment-false"
              id="participants-and-providers-gainshare-payment-false"
              name="gainsharePayments"
              type="radio"
              value="FALSE"
            />
            <label
              class="usa-radio__label"
              for="participants-and-providers-gainshare-payment-false"
            >
              No
            </label>
          </div>
        </fieldset>
        <div
          class="margin-top-3 margin-bottom-6"
        >
          <button
            class="usa-button usa-button usa-button--unstyled"
            data-testid="add-note-toggle"
            type="button"
          >
            <svg
              aria-hidden="true"
              class="usa-icon margin-right-1"
              focusable="false"
              height="1em"
              role="img"
              viewBox="0 0 24 24"
              width="1em"
              xmlns="http://www.w3.org/2000/svg"
            >
              <path
                d="M19 13h-6v6h-2v-6H5v-2h6V5h2v6h6v2z"
              />
            </svg>
            Add an additional note
          </button>
        </div>
      </div>
      <div
        class="usa-form-group"
      >
        <label
          class="usa-label maxw-none"
          data-testid="label"
          for="participants-and-providers-id"
        >
          Will you collect participant IDs? If so, select which types.
        </label>
        <div
          class="usa-alert usa-alert--warning icon-padding flex it-solutions-warning"
          data-testid="alert"
        >
          <div
            class="usa-alert__body"
          >
            <p
              class="usa-alert__text"
            >
              <span>
                Changing your answer to this question may also affect your selections in the operational solutions and implementation status tracker.  
                <button
                  class="usa-button usa-button usa-button--unstyled"
                  data-testid="button"
                  id="ops-eval-and-learning-data-needed-warning"
                  type="button"
                >
                  Go to operational solutions tracker.
                </button>
              </span>
            </p>
          </div>
        </div>
        <p
          class="text-base margin-0 line-height-body-3"
        >
          Note: If this will be a MIPS or Advanced APM, you need to collect provider TIN-NPIs for participants to benefit from QPP. In addition, CPI vetting needs to be preformed.
        </p>
        <div
          class="mint-checkbox usa-checkbox"
        >
          <input
            class="usa-checkbox__input"
            id="participants-and-providers-participant-id-CCNS"
            name="participantsIds"
            type="checkbox"
            value="CCNS"
          />
          <label
            class="usa-checkbox__label"
            for="participants-and-providers-participant-id-CCNS"
          >
            CCNs
          </label>
          <p
            class="margin-y-1 margin-left-4 line-height-body-3 font-body-2xs text-pre-line"
          />
        </div>
        <div
          class="mint-checkbox usa-checkbox"
        >
          <input
            class="usa-checkbox__input"
            id="participants-and-providers-participant-id-NPIS"
            name="participantsIds"
            type="checkbox"
            value="NPIS"
          />
          <label
            class="usa-checkbox__label"
            for="participants-and-providers-participant-id-NPIS"
          >
            NPIs
          </label>
          <p
            class="margin-y-1 margin-left-4 line-height-body-3 font-body-2xs text-pre-line"
          />
        </div>
        <div
          class="mint-checkbox usa-checkbox"
        >
          <input
            class="usa-checkbox__input"
            id="participants-and-providers-participant-id-TINS"
            name="participantsIds"
            type="checkbox"
            value="TINS"
          />
          <label
            class="usa-checkbox__label"
            for="participants-and-providers-participant-id-TINS"
          >
            TINs
          </label>
          <p
            class="margin-y-1 margin-left-4 line-height-body-3 font-body-2xs text-pre-line"
          />
        </div>
        <div
          class="mint-checkbox usa-checkbox"
        >
          <input
            class="usa-checkbox__input"
            id="participants-and-providers-participant-id-OTHER"
            name="participantsIds"
            type="checkbox"
            value="OTHER"
          />
          <label
            class="usa-checkbox__label"
            for="participants-and-providers-participant-id-OTHER"
          >
            Other
          </label>
          <p
            class="margin-y-1 margin-left-4 line-height-body-3 font-body-2xs text-pre-line"
          />
        </div>
        <div
          class="margin-left-4"
        >
          <label
            class="usa-label text-normal margin-top-1"
            data-testid="label"
            for="participants-and-providers-participant-id-other"
          >
            Please specify
          </label>
          <input
            class="usa-input maxw-none mint-textarea"
            data-testid="participants-and-providers-participant-id-other"
            id="participants-and-providers-participant-id-other"
            maxlength="5000"
            name="participantsIdsOther"
            value="Candy Kingdom Operations Number"
          />
        </div>
        <div
          class="mint-checkbox usa-checkbox"
        >
          <input
            class="usa-checkbox__input"
            id="participants-and-providers-participant-id-NO_IDENTIFIERS"
            name="participantsIds"
            type="checkbox"
            value="NO_IDENTIFIERS"
          />
          <label
            class="usa-checkbox__label"
            for="participants-and-providers-participant-id-NO_IDENTIFIERS"
          >
            No, we will not collect provider identifiers
          </label>
          <p
            class="margin-y-1 margin-left-4 line-height-body-3 font-body-2xs text-pre-line"
          />
        </div>
        <div
          class="margin-top-3 margin-bottom-6"
        >
          <button
            class="usa-button usa-button usa-button--unstyled"
            data-testid="add-note-toggle"
            type="button"
          >
            <svg
              aria-hidden="true"
              class="usa-icon margin-right-1"
              focusable="false"
              height="1em"
              role="img"
              viewBox="0 0 24 24"
              width="1em"
              xmlns="http://www.w3.org/2000/svg"
            >
              <path
                d="M19 13h-6v6h-2v-6H5v-2h6V5h2v6h6v2z"
              />
            </svg>
            Add an additional note
          </button>
        </div>
      </div>
      <div
        class="margin-top-6 margin-bottom-3"
      >
        <button
          class="usa-button usa-button usa-button--outline margin-bottom-1"
          data-testid="button"
          type="button"
        >
          Back
        </button>
        <button
          class="usa-button"
          data-testid="button"
          type="submit"
        >
          Next
        </button>
      </div>
      <button
        class="usa-button usa-button usa-button--unstyled"
        data-testid="button"
        type="button"
      >
        <svg
          aria-hidden="true"
          class="usa-icon margin-right-1"
          focusable="false"
          height="1em"
          role="img"
          viewBox="0 0 24 24"
          width="1em"
          xmlns="http://www.w3.org/2000/svg"
        >
          <path
            d="M20 11H7.83l5.59-5.59L12 4l-8 8 8 8 1.41-1.41L7.83 13H20v-2z"
          />
        </svg>
        Save and return to task list
      </button>
    </fieldset>
  </form>
  <div
    class="mint-page-number margin-y-6"
    data-testid="page-num"
  >
    <span
      class="mint-page-number__page-num"
    >
      Page 4 of 5
    </span>
  </div>
</DocumentFragment>
`;
