// Jest Snapshot v1, https://goo.gl/fbAQLP

exports[`System Tools and Software subpage matches snapshot 1`] = `
<DocumentFragment>
  <div
    id="system-tools-and-software"
  >
    <div
      class="grid-container padding-left-0 padding-right-0"
      data-testid="gridContainer"
    >
      <div
        class="grid-row grid-gap"
        data-testid="grid"
      >
        <div
          class="desktop:grid-col-8"
          data-testid="grid"
        >
          <h2
            class="margin-top-0 margin-bottom-4"
          >
            Tools and Software
          </h2>
          <ul
            class="usa-card-group margin-0"
            data-testid="CardGroup"
          >
            <li
              class="usa-card grid-col-12 margin-bottom-2"
              data-testid="Card"
            >
              <div
                class="usa-card__container"
              >
                <header
                  class="usa-card__header padding-2 padding-bottom-0"
                  data-testid="CardHeader"
                >
                  <h3
                    class="margin-top-0 margin-bottom-05 line-height-sans-2"
                  >
                    Drupal
                  </h3>
                  <h5
                    class="margin-top-0 margin-bottom-2 font-sans-xs line-height-sans-1 text-normal"
                  >
                    Drupal Association
                  </h5>
                </header>
                <div
                  class="usa-card__body padding-2 padding-top-0"
                  data-testid="CardBody"
                >
                  <dt
                    class="text-bold margin-bottom-05 margin-bottom-0"
                  >
                    Product Type
                  </dt>
                  <dd
                    class="description-definition margin-0 font-body-md line-height-body-4"
                  >
                    Enterprise Content Management (ECM)
                  </dd>
                  <div
                    class="easi-divider margin-y-2"
                  />
                  <div
                    class="grid-container padding-x-0"
                    data-testid="gridContainer"
                  >
                    <div
                      class="grid-row grid-gap"
                      data-testid="grid"
                    >
                      <div
                        class="grid-col"
                        data-testid="grid"
                      >
                        <dt
                          class="text-bold margin-bottom-05 margin-bottom-0"
                        >
                          Software version
                        </dt>
                        <dd
                          class="description-definition margin-0 font-body-md line-height-body-4"
                        >
                          9.3
                        </dd>
                      </div>
                      <div
                        class="grid-col"
                        data-testid="grid"
                      >
                        <dt
                          class="text-bold margin-bottom-05 margin-bottom-0"
                        >
                          Software edition
                        </dt>
                        <dd
                          class="description-definition margin-0 font-body-md line-height-body-4"
                        >
                          Enterprise
                        </dd>
                      </div>
                    </div>
                  </div>
                </div>
              </div>
            </li>
            <li
              class="usa-card grid-col-12 margin-bottom-2"
              data-testid="Card"
            >
              <div
                class="usa-card__container"
              >
                <header
                  class="usa-card__header padding-2 padding-bottom-0"
                  data-testid="CardHeader"
                >
                  <h3
                    class="margin-top-0 margin-bottom-05 line-height-sans-2"
                  >
                    Kong
                  </h3>
                  <h5
                    class="margin-top-0 margin-bottom-2 font-sans-xs line-height-sans-1 text-normal"
                  >
                    Kong Enterprise
                  </h5>
                </header>
                <div
                  class="usa-card__body padding-2 padding-top-0"
                  data-testid="CardBody"
                >
                  <dt
                    class="text-bold margin-bottom-05 margin-bottom-0"
                  >
                    Product Type
                  </dt>
                  <dd
                    class="description-definition margin-0 font-body-md line-height-body-4"
                  >
                    Software Development
                  </dd>
                  <div
                    class="margin-top-2 margin-bottom-neg-1"
                  >
                    <span
                      class="easi-tag system-profile__tag text-base-darker bg-base-lighter margin-bottom-1"
                      data-testid="tag"
                    >
                      API Gateway
                    </span>
                  </div>
                  <div
                    class="easi-divider margin-y-2"
                  />
                  <div
                    class="grid-container padding-x-0"
                    data-testid="gridContainer"
                  >
                    <div
                      class="grid-row grid-gap"
                      data-testid="grid"
                    >
                      <div
                        class="grid-col"
                        data-testid="grid"
                      >
                        <dt
                          class="text-bold margin-bottom-05 margin-bottom-0"
                        >
                          Software version
                        </dt>
                        <dd
                          class="description-definition margin-0 font-body-md line-height-body-4"
                        >
                          2.1
                        </dd>
                      </div>
                    </div>
                  </div>
                </div>
              </div>
            </li>
          </ul>
        </div>
        <div
          class="desktop:grid-col-4 sticky-nav"
          data-testid="grid"
        >
          <div
            class="easi-section"
            data-testid="section-wrapper"
          >
            <div
              class="side-divider"
            >
              <div
                class="top-divider"
              />
              <div
                class="font-body-xs padding-top-1 margin-bottom-3"
              >
                Point of contact
              </div>
              <h3
                class="margin-top-0 margin-bottom-1"
              >
                Greta May Jones
              </h3>
              <div
                class="margin-bottom-1 line-height-body-5"
              >
                Business Owner
              </div>
              <div
                class="padding-bottom-3"
              >
                <a
                  aria-label="Send an email"
                  class="usa-link usa-link--external line-height-body-5"
                  href="mailto:todo"
                  target="_blank"
                >
                  Send an email
                  <span
                    aria-hidden="true"
                  >
                     
                  </span>
                </a>
              </div>
              <div
                class="padding-bottom-2"
              >
                <a
                  aria-label="More points of contact"
                  class="usa-link line-height-body-5"
                  href="mailto:todo"
                  target="_blank"
                >
                  More points of contact
                  <span
                    aria-hidden="true"
                  >
                     
                  </span>
                  <span
                    aria-hidden="true"
                  >
                    → 
                  </span>
                </a>
              </div>
            </div>
          </div>
        </div>
      </div>
    </div>
  </div>
</DocumentFragment>
`;
