// Jest Snapshot v1, https://goo.gl/fbAQLP

exports[`IT Tools Page One matches snapshot 1`] = `
<DocumentFragment>
  <nav
    aria-label="Breadcrumbs"
    class="usa-breadcrumb usa-breadcrumb--wrap"
  >
    <ol
      class="usa-breadcrumb__list"
    >
      <li
        class="usa-breadcrumb__list-item"
      >
        <a
          class="usa-breadcrumb__link"
          href="/"
        >
          <span>
            Home
          </span>
        </a>
      </li>
      <li
        class="usa-breadcrumb__list-item"
      >
        <a
          class="usa-breadcrumb__link"
          href="/models/ce3405a0-3399-4e3a-88d7-3cfc613d2905/task-list/"
        >
          <span>
            Model Plan task list
          </span>
        </a>
      </li>
      <li
        aria-current="page"
        class="usa-breadcrumb__list-item usa-current"
      >
        IT tools
      </li>
    </ol>
  </nav>
  <h1
    aria-live="polite"
    class="mint-h1 margin-top-4 margin-bottom-2"
    tabindex="-1"
  >
    IT tools
  </h1>
  <p
    class="margin-top-0 margin-bottom-1 font-body-lg"
    data-testid="model-plan-name"
  >
    for My excellent plan that I just initiated
  </p>
  <p
    class="margin-bottom-2 font-body-md line-height-sans-4"
  >
    This section allows you to choose which IT solutions the model will utilize. Many questions are populated based on responses to questions in the previous sections of the task list. If you need help, ask a question using the link below.
  </p>
  <div
    class="padding-2 bg-primary-lighter display-flex"
    data-testid="ask-a-question"
  >
    <svg
      class="usa-icon text-primary margin-right-1"
      focusable="false"
      height="1em"
      role="img"
      viewBox="0 0 24 24"
      width="1em"
      xmlns="http://www.w3.org/2000/svg"
    >
      <path
        d="M0 0h24v24H0z"
        fill="none"
      />
      <path
        d="M20 2H4c-1.1 0-1.99.9-1.99 2L2 22l4-4h14c1.1 0 2-.9 2-2V4c0-1.1-.9-2-2-2zm-7 9h-2V5h2v6zm0 4h-2v-2h2v2z"
      />
    </svg>
    <button
      class="usa-button usa-button--unstyled"
      data-testid="ask-a-question-button"
      type="button"
    >
      Ask a question
    </button>
  </div>
  <div
    class="grid-row grid-gap"
    data-testid="grid"
  >
    <div
      class="desktop:grid-col-6"
      data-testid="grid"
    >
      <form
        action="#"
        class="margin-top-6"
        data-testid="it-tools-page-one-form"
      >
        <h2>
          General characteristics
        </h2>
        <fieldset
          class="usa-fieldset"
          data-testid="fieldset"
        >
          <div
            class="usa-form-group margin-y-0"
            data-scroll="gcPartCD"
          >
            <legend
              class="usa-label"
            >
              What tools will you use to manage Part C/D enrollment?
            </legend>
            <p
              class="text-base margin-top-1 margin-bottom-3 line-height-body-3"
            >
              (models that impact Medicare Advantage/Part D)
            </p>
            <div
              class="usa-summary-box"
              data-testid="summary-box"
            >
              <div
                class="usa-summary-box__body"
              >
                <h3
                  class="usa-summary-box__heading"
                >
                  Why do I need to answer this?
                </h3>
                <div
                  class="usa-summary-box__text"
                >
                  <p
                    class="text-bold"
                    data-testid="has-answered-tools-question-managePartCDEnrollment"
                  >
                    You previously answered:
                  </p>
                  <p
                    class="margin-bottom-0"
                    data-testid="tools-question-managePartCDEnrollment"
                  >
                    Will you manage Part C/D enrollment?
                  </p>
                  <ul
                    class="margin-y-0"
                    data-testid="tools-answers"
                  >
                    <li>
                      Yes
                    </li>
                  </ul>
                  <p>
                    Want to change your answer? 
                    <button
                      class="usa-button usa-button usa-button--unstyled"
                      data-testid="it-tools-locked-managePartCDEnrollment"
                      type="button"
                    >
                      Go to question
                    </button>
                    .
                  </p>
                </div>
              </div>
            </div>
            <p
              class="margin-top-4"
            >
              Tools
            </p>
            <div
              class="mint-checkbox usa-checkbox"
            >
              <input
                class="usa-checkbox__input"
                data-testid="it-tools-gc-partc-MARX"
                id="it-tools-gc-partc-MARX"
                name="gcPartCD"
                type="checkbox"
                value="MARX"
              />
              <label
                class="usa-checkbox__label"
                for="it-tools-gc-partc-MARX"
              >
                Medicare Advantage Prescription Drug System (MARx)
              </label>
              <p
                class="margin-y-1 margin-left-4 line-height-body-3 font-body-2xs"
              />
            </div>
            <div
              class="mint-checkbox usa-checkbox"
            >
              <input
                class="usa-checkbox__input"
                data-testid="it-tools-gc-partc-OTHER"
                id="it-tools-gc-partc-OTHER"
                name="gcPartCD"
                type="checkbox"
                value="OTHER"
              />
              <label
                class="usa-checkbox__label"
                for="it-tools-gc-partc-OTHER"
              >
                Other
              </label>
              <p
                class="margin-y-1 margin-left-4 line-height-body-3 font-body-2xs"
              />
            </div>
            <div
              class="margin-top-4 margin-bottom-8"
            >
              <button
                class="usa-button usa-button usa-button--unstyled"
                data-testid="add-note-toggle"
                type="button"
              >
                <svg
                  aria-hidden="true"
                  class="usa-icon margin-right-1"
                  focusable="false"
                  height="1em"
                  role="img"
                  viewBox="0 0 24 24"
                  width="1em"
                  xmlns="http://www.w3.org/2000/svg"
                >
                  <path
                    d="M0 0h24v24H0z"
                    fill="none"
                  />
                  <path
                    d="M19 13h-6v6h-2v-6H5v-2h6V5h2v6h6v2z"
                  />
                </svg>
                Add an additional note
              </button>
            </div>
          </div>
          <div
            class="usa-form-group margin-y-0"
            data-scroll="gcCollectBids"
          >
            <legend
              class="usa-label"
            >
              What tools will you use to review and collect plan bids?
            </legend>
            <p
              class="text-base margin-top-1 margin-bottom-3 line-height-body-3"
            >
              (models that impact Medicare Advantage/Part D)
            </p>
            <div
              class="usa-summary-box"
              data-testid="summary-box"
            >
              <div
                class="usa-summary-box__body"
              >
                <h3
                  class="usa-summary-box__heading"
                >
                  Why do I need to answer this?
                </h3>
                <div
                  class="usa-summary-box__text"
                >
                  <p
                    class="text-bold"
                    data-testid="has-answered-tools-question-collectPlanBids"
                  >
                    You previously answered:
                  </p>
                  <p
                    class="margin-bottom-0"
                    data-testid="tools-question-collectPlanBids"
                  >
                    Will you review and collect plan bids?
                  </p>
                  <ul
                    class="margin-y-0"
                    data-testid="tools-answers"
                  >
                    <li>
                      Yes
                    </li>
                  </ul>
                  <p>
                    Want to change your answer? 
                    <button
                      class="usa-button usa-button usa-button--unstyled"
                      data-testid="it-tools-locked-collectPlanBids"
                      type="button"
                    >
                      Go to question
                    </button>
                    .
                  </p>
                </div>
              </div>
            </div>
            <p
              class="margin-top-4"
            >
              Tools
            </p>
            <div
              class="mint-checkbox usa-checkbox"
            >
              <input
                class="usa-checkbox__input"
                data-testid="it-tools-gc-collect-bids-HPMS"
                id="it-tools-gc-collect-bids-HPMS"
                name="gcCollectBids"
                type="checkbox"
                value="HPMS"
              />
              <label
                class="usa-checkbox__label"
                for="it-tools-gc-collect-bids-HPMS"
              >
                Health Plan Management System (HPMS)
              </label>
              <p
                class="margin-y-1 margin-left-4 line-height-body-3 font-body-2xs"
              />
            </div>
            <div
              class="mint-checkbox usa-checkbox"
            >
              <input
                class="usa-checkbox__input"
                data-testid="it-tools-gc-collect-bids-OTHER"
                id="it-tools-gc-collect-bids-OTHER"
                name="gcCollectBids"
                type="checkbox"
                value="OTHER"
              />
              <label
                class="usa-checkbox__label"
                for="it-tools-gc-collect-bids-OTHER"
              >
                Other
              </label>
              <p
                class="margin-y-1 margin-left-4 line-height-body-3 font-body-2xs"
              />
            </div>
            <div
              class="margin-top-4 margin-bottom-8"
            >
              <button
                class="usa-button usa-button usa-button--unstyled"
                data-testid="add-note-toggle"
                type="button"
              >
                <svg
                  aria-hidden="true"
                  class="usa-icon margin-right-1"
                  focusable="false"
                  height="1em"
                  role="img"
                  viewBox="0 0 24 24"
                  width="1em"
                  xmlns="http://www.w3.org/2000/svg"
                >
                  <path
                    d="M0 0h24v24H0z"
                    fill="none"
                  />
                  <path
                    d="M19 13h-6v6h-2v-6H5v-2h6V5h2v6h6v2z"
                  />
                </svg>
                Add an additional note
              </button>
            </div>
          </div>
          <div
            class="usa-form-group margin-y-0"
            data-scroll="gcUpdateContract"
          >
            <legend
              class="usa-label"
            >
              What tools will you use to update the plan’s contract?
            </legend>
            <p
              class="text-base margin-top-1 margin-bottom-3 line-height-body-3"
            >
              (models that impact Medicare Advantage/Part D)
            </p>
            <div
              class="usa-summary-box"
              data-testid="summary-box"
            >
              <div
                class="usa-summary-box__body"
              >
                <h3
                  class="usa-summary-box__heading"
                >
                  Why do I need to answer this?
                </h3>
                <div
                  class="usa-summary-box__text"
                >
                  <p
                    class="text-bold"
                    data-testid="has-answered-tools-question-planContactUpdated"
                  >
                    You previously answered:
                  </p>
                  <p
                    class="margin-bottom-0"
                    data-testid="tools-question-planContactUpdated"
                  >
                    Have you updated the plan’s contact?
                  </p>
                  <ul
                    class="margin-y-0"
                    data-testid="tools-answers"
                  >
                    <li>
                      Yes
                    </li>
                  </ul>
                  <p>
                    Want to change your answer? 
                    <button
                      class="usa-button usa-button usa-button--unstyled"
                      data-testid="it-tools-locked-planContactUpdated"
                      type="button"
                    >
                      Go to question
                    </button>
                    .
                  </p>
                </div>
              </div>
            </div>
            <p
              class="margin-top-4"
            >
              Tools
            </p>
            <div
              class="mint-checkbox usa-checkbox"
            >
              <input
                class="usa-checkbox__input"
                data-testid="it-tools-gc-update-contract-HPMS"
                id="it-tools-gc-update-contract-HPMS"
                name="gcUpdateContract"
                type="checkbox"
                value="HPMS"
              />
              <label
                class="usa-checkbox__label"
                for="it-tools-gc-update-contract-HPMS"
              >
                Health Plan Management System (HPMS)
              </label>
              <p
                class="margin-y-1 margin-left-4 line-height-body-3 font-body-2xs"
              />
            </div>
            <div
              class="mint-checkbox usa-checkbox"
            >
              <input
                class="usa-checkbox__input"
                data-testid="it-tools-gc-update-contract-OTHER"
                id="it-tools-gc-update-contract-OTHER"
                name="gcUpdateContract"
                type="checkbox"
                value="OTHER"
              />
              <label
                class="usa-checkbox__label"
                for="it-tools-gc-update-contract-OTHER"
              >
                Other
              </label>
              <p
                class="margin-y-1 margin-left-4 line-height-body-3 font-body-2xs"
              />
            </div>
            <div
              class="margin-top-4 margin-bottom-8"
            >
              <button
                class="usa-button usa-button usa-button--unstyled"
                data-testid="add-note-toggle"
                type="button"
              >
                <svg
                  aria-hidden="true"
                  class="usa-icon margin-right-1"
                  focusable="false"
                  height="1em"
                  role="img"
                  viewBox="0 0 24 24"
                  width="1em"
                  xmlns="http://www.w3.org/2000/svg"
                >
                  <path
                    d="M0 0h24v24H0z"
                    fill="none"
                  />
                  <path
                    d="M19 13h-6v6h-2v-6H5v-2h6V5h2v6h6v2z"
                  />
                </svg>
                Add an additional note
              </button>
            </div>
          </div>
          <div
            class="margin-top-6 margin-bottom-3"
          >
            <button
              class="usa-button"
              data-testid="button"
              type="submit"
            >
              Next
            </button>
          </div>
          <button
            class="usa-button usa-button usa-button--unstyled"
            data-testid="button"
            type="button"
          >
            <svg
              aria-hidden="true"
              class="usa-icon margin-right-1"
              focusable="false"
              height="1em"
              role="img"
              viewBox="0 0 24 24"
              width="1em"
              xmlns="http://www.w3.org/2000/svg"
            >
              <path
                d="M0 0h24v24H0z"
                fill="none"
              />
              <path
                d="M20 11H7.83l5.59-5.59L12 4l-8 8 8 8 1.41-1.41L7.83 13H20v-2z"
              />
            </svg>
            Save and return to task list
          </button>
        </fieldset>
      </form>
    </div>
  </div>
  <div
    class="mint-page-number margin-y-6"
  >
    <span
      class="mint-page-number__page-num"
    >
      Page 1 of 9
    </span>
  </div>
</DocumentFragment>
`;
