// Vitest Snapshot v1, https://vitest.dev/guide/snapshot.html

exports[`The AllArticles component > matches snapshot 1`] = `
<DocumentFragment>
  <main
    class="mint-main-content"
    id="main-content"
    role="main"
    tabindex="-1"
  >
    <div
      class="grid-container"
      data-testid="gridContainer"
    >
      <div
        class=""
        data-testid="grid"
      >
        <button
          class="usa-button usa-button--unstyled margin-top-6"
          data-testid="button"
          type="button"
        >
          <svg
            class="usa-icon margin-right-05 text-tbottom"
            focusable="false"
            height="1em"
            role="img"
            viewBox="0 0 24 24"
            width="1em"
            xmlns="http://www.w3.org/2000/svg"
          >
            <path
              d="M19 6.41 17.59 5 12 10.59 6.41 5 5 6.41 10.59 12 5 17.59 6.41 19 12 13.41 17.59 19 19 17.59 13.41 12z"
            />
          </svg>
          Close tab
        </button>
        <h1
          aria-live="polite"
          class="mint-h1"
          tabindex="-1"
        >
          All help articles
        </h1>
        <ul
          class="usa-card-group margin-y-2"
          data-testid="CardGroup"
        >
          <li
            class="usa-card desktop:grid-col-4 article article-card--isLink"
            data-testid="article-card"
          >
            <div
              class="usa-card__container radius-md shadow-2 minh-mobile padding-3"
            >
              <header
                class="usa-card__header padding-0"
                data-testid="CardHeader"
              >
                <h3
                  class="line-height-body-4 margin-bottom-1"
                >
                  About 2-page concept papers and review meetings
                </h3>
              </header>
              <a
                class="usa-link width-fit-content display-block "
                href="/help-and-knowledge/articles?category=undefined"
              >
                <span
                  aria-label="Articles under the Model concept and design category"
                  class="mint-tag article__tag bg-primary-lighter text-primary text-no-uppercase text-bold font-body-sm"
                  data-testid="tag"
                >
                  Model concept and design
                </span>
              </a>
              <div
                class="usa-card__body padding-x-0 article__body padding-top-2"
                data-testid="CardBody"
              >
                <p>
                  Model teams can use this article to learn more about 2-page concept papers, access helpful resources, and ensure they are fully prepared for the 2-page concept review meeting with CMMI Front Office (FO). Others working with new model teams or interested in the CMMI model development process can use this article and the linked resources to learn more about the 2-page concept paper phase of the process.
                </p>
              </div>
              <div
                class="usa-card__footer padding-x-0 padding-top-2 padding-bottom-0"
                data-testid="CardFooter"
              >
                <button
                  aria-label="Read About 2-page concept papers and review meetings article"
                  class="usa-button usa-button--outline"
                  type="button"
                >
                  Read
                </button>
              </div>
            </div>
          </li>
          <li
            class="usa-card desktop:grid-col-4 article article-card--isLink"
            data-testid="article-card"
          >
            <div
              class="usa-card__container radius-md shadow-2 minh-mobile padding-3"
            >
              <header
                class="usa-card__header padding-0"
                data-testid="CardHeader"
              >
                <h3
                  class="line-height-body-4 margin-bottom-1"
                >
                  High-level project plan
                </h3>
              </header>
              <a
                class="usa-link width-fit-content display-block "
                href="/help-and-knowledge/articles?category=getting-started"
              >
                <span
                  aria-label="Articles under the Getting started category"
                  class="mint-tag article__tag bg-primary-lighter text-primary text-no-uppercase text-bold font-body-sm"
                  data-testid="tag"
                >
                  Getting started
                </span>
              </a>
              <div
                class="usa-card__body padding-x-0 article__body padding-top-2"
                data-testid="CardBody"
              >
                <p>
                  Use this high-level project plan to understand and track the key pieces of work involved in developing a model. The MINT Team can assist model teams in completing this for upcoming models once collaboration begins.
                </p>
              </div>
              <div
                class="usa-card__footer padding-x-0 padding-top-2 padding-bottom-0"
                data-testid="CardFooter"
              >
                <button
                  aria-label="Read High-level project plan article"
                  class="usa-button usa-button--outline"
                  type="button"
                >
                  Read
                </button>
              </div>
            </div>
          </li>
          <li
            class="usa-card desktop:grid-col-4 article article-card--isLink"
            data-testid="article-card"
          >
            <div
              class="usa-card__container radius-md shadow-2 minh-mobile padding-3"
            >
              <header
                class="usa-card__header padding-0"
                data-testid="CardHeader"
              >
                <h3
                  class="line-height-body-4 margin-bottom-1"
                >
                  How to have a successful 6-pager meeting
                </h3>
              </header>
              <a
                class="usa-link width-fit-content display-block "
                href="/help-and-knowledge/articles?category=getting-started"
              >
                <span
                  aria-label="Articles under the Getting started category"
                  class="mint-tag article__tag bg-primary-lighter text-primary text-no-uppercase text-bold font-body-sm"
                  data-testid="tag"
                >
                  Getting started
                </span>
              </a>
              <div
                class="usa-card__body padding-x-0 article__body padding-top-2"
                data-testid="CardBody"
              >
                <p>
                  Once CMMI Front Office (FO) approves the 2-page model concept, model teams can begin developing the 6-pager. Use this article to ensure you’re fully prepared for your 6-page concept review meeting with CMMI FO.
                </p>
              </div>
              <div
                class="usa-card__footer padding-x-0 padding-top-2 padding-bottom-0"
                data-testid="CardFooter"
              >
                <button
                  aria-label="Read How to have a successful 6-pager meeting article"
                  class="usa-button usa-button--outline"
                  type="button"
                >
                  Read
                </button>
              </div>
            </div>
          </li>
          <li
            class="usa-card desktop:grid-col-4 article article-card--isLink"
            data-testid="article-card"
          >
            <div
              class="usa-card__container radius-md shadow-2 minh-mobile padding-3"
            >
              <header
                class="usa-card__header padding-0"
                data-testid="CardHeader"
              >
                <h3
                  class="line-height-body-4 margin-bottom-1"
                >
                  Model design and solution design
                </h3>
              </header>
              <a
                class="usa-link width-fit-content display-block "
                href="/help-and-knowledge/articles?category=it-implementation"
              >
                <span
                  aria-label="Articles under the IT implementation category"
                  class="mint-tag article__tag bg-primary-lighter text-primary text-no-uppercase text-bold font-body-sm"
                  data-testid="tag"
                >
                  IT implementation
                </span>
              </a>
              <div
                class="usa-card__body padding-x-0 article__body padding-top-2"
                data-testid="CardBody"
              >
                <p>
                  This is the first phase in obtaining operational support for models. This phase kicks off work within MINT, assembles the team, and identifies all of the IT systems, data, and operational contracts needed to support the model.
                </p>
              </div>
              <div
                class="usa-card__footer padding-x-0 padding-top-2 padding-bottom-0"
                data-testid="CardFooter"
              >
                <button
                  aria-label="Read Model design and solution design article"
                  class="usa-button usa-button--outline"
                  type="button"
                >
                  Read
                </button>
              </div>
            </div>
          </li>
          <li
            class="usa-card desktop:grid-col-4 article article-card--isLink"
            data-testid="article-card"
          >
            <div
              class="usa-card__container radius-md shadow-2 minh-mobile padding-3"
            >
              <header
                class="usa-card__header padding-0"
                data-testid="CardHeader"
              >
                <h3
                  class="line-height-body-4 margin-bottom-1"
                >
                  Model implementation and solution implementation
                </h3>
              </header>
              <a
                class="usa-link width-fit-content display-block "
                href="/help-and-knowledge/articles?category=it-implementation"
              >
                <span
                  aria-label="Articles under the IT implementation category"
                  class="mint-tag article__tag bg-primary-lighter text-primary text-no-uppercase text-bold font-body-sm"
                  data-testid="tag"
                >
                  IT implementation
                </span>
              </a>
              <div
                class="usa-card__body padding-x-0 article__body padding-top-2"
                data-testid="CardBody"
              >
                <p>
                  This is the second phase in obtaining operational support for models. This phase initiates and completes the necessary IT projects for the model.
                </p>
              </div>
              <div
                class="usa-card__footer padding-x-0 padding-top-2 padding-bottom-0"
                data-testid="CardFooter"
              >
                <button
                  aria-label="Read Model implementation and solution implementation article"
                  class="usa-button usa-button--outline"
                  type="button"
                >
                  Read
                </button>
              </div>
            </div>
          </li>
          <li
            class="usa-card desktop:grid-col-4 article article-card--isLink"
            data-testid="article-card"
          >
            <div
              class="usa-card__container radius-md shadow-2 minh-mobile padding-3"
            >
              <header
                class="usa-card__header padding-0"
                data-testid="CardHeader"
              >
                <h3
                  class="line-height-body-4 margin-bottom-1"
                >
                  Overview for adding a model
                </h3>
              </header>
              <a
                class="usa-link width-fit-content display-block "
                href="/help-and-knowledge/articles?category=getting-started"
              >
                <span
                  aria-label="Articles under the Getting started category"
                  class="mint-tag article__tag bg-primary-lighter text-primary text-no-uppercase text-bold font-body-sm"
                  data-testid="tag"
                >
                  Getting started
                </span>
              </a>
              <div
                class="usa-card__body padding-x-0 article__body padding-top-2"
                data-testid="CardBody"
              >
                <p>
                  Within MINT, you can start a new Model Plan to analyze the operational and implementation needs of the model upload and access documents related to your model request, like concept documents or policy papers track the operational solutions the model will use and track its status through implementation
                </p>
              </div>
              <div
                class="usa-card__footer padding-x-0 padding-top-2 padding-bottom-0"
                data-testid="CardFooter"
              >
                <button
                  aria-label="Read Overview for adding a model article"
                  class="usa-button usa-button--outline"
                  type="button"
                >
                  Read
                </button>
              </div>
            </div>
          </li>
          <li
            class="usa-card desktop:grid-col-4 article article-card--isLink"
            data-testid="article-card"
          >
            <div
              class="usa-card__container radius-md shadow-2 minh-mobile padding-3"
            >
              <header
                class="usa-card__header padding-0"
                data-testid="CardHeader"
              >
                <h3
                  class="line-height-body-4 margin-bottom-1"
                >
                  Phases involved in creating IT and operational support for models
                </h3>
              </header>
              <a
                class="usa-link width-fit-content display-block "
                href="/help-and-knowledge/articles?category=it-implementation"
              >
                <span
                  aria-label="Articles under the IT implementation category"
                  class="mint-tag article__tag bg-primary-lighter text-primary text-no-uppercase text-bold font-body-sm"
                  data-testid="tag"
                >
                  IT implementation
                </span>
              </a>
              <div
                class="usa-card__body padding-x-0 article__body padding-top-2"
                data-testid="CardBody"
              >
                <p>
                  There are two phases invovled in creating IT and operational support for CMMI models.
                </p>
              </div>
              <div
                class="usa-card__footer padding-x-0 padding-top-2 padding-bottom-0"
                data-testid="CardFooter"
              >
                <button
                  aria-label="Read Phases involved in creating IT and operational support for models article"
                  class="usa-button usa-button--outline"
                  type="button"
                >
                  Read
                </button>
              </div>
            </div>
          </li>
          <li
            class="usa-card desktop:grid-col-4 article article-card--isLink"
            data-testid="article-card"
          >
            <div
              class="usa-card__container radius-md shadow-2 minh-mobile padding-3"
            >
              <header
                class="usa-card__header padding-0"
                data-testid="CardHeader"
              >
                <h3
                  class="line-height-body-4 margin-bottom-1"
                >
                  Sample Model Plan
                </h3>
              </header>
              <a
                class="usa-link width-fit-content display-block "
                href="/help-and-knowledge/articles?category=getting-started"
              >
                <span
                  aria-label="Articles under the Getting started category"
                  class="mint-tag article__tag bg-primary-lighter text-primary text-no-uppercase text-bold font-body-sm"
                  data-testid="tag"
                >
                  Getting started
                </span>
              </a>
              <div
                class="usa-card__body padding-x-0 article__body padding-top-2"
                data-testid="CardBody"
              >
                <p>
                  This is example data and may not reflect exact model decisions. Use this as a reference to better understand the type of information needed for a Model Plan.
                </p>
              </div>
              <div
                class="usa-card__footer padding-x-0 padding-top-2 padding-bottom-0"
                data-testid="CardFooter"
              >
                <button
                  aria-label="Read Sample Model Plan article"
                  class="usa-button usa-button--outline"
                  type="button"
                >
                  Read
                </button>
              </div>
            </div>
          </li>
          <li
            class="usa-card desktop:grid-col-4 article article-card--isLink"
            data-testid="article-card"
          >
            <div
              class="usa-card__container radius-md shadow-2 minh-mobile padding-3"
            >
              <header
                class="usa-card__header padding-0"
                data-testid="CardHeader"
              >
                <h3
                  class="line-height-body-4 margin-bottom-1"
                >
                  Utilizing available operational solutions
                </h3>
              </header>
              <a
                class="usa-link width-fit-content display-block "
                href="/help-and-knowledge/articles?category=it-implementation"
              >
                <span
                  aria-label="Articles under the IT implementation category"
                  class="mint-tag article__tag bg-primary-lighter text-primary text-no-uppercase text-bold font-body-sm"
                  data-testid="tag"
                >
                  IT implementation
                </span>
              </a>
              <div
                class="usa-card__body padding-x-0 article__body padding-top-2"
                data-testid="CardBody"
              >
                <p>
                  One model will require several operational solutions to complete the essential functions. This is an overview of timing and activities involved in working with existing systems and services.
                </p>
              </div>
              <div
                class="usa-card__footer padding-x-0 padding-top-2 padding-bottom-0"
                data-testid="CardFooter"
              >
                <button
                  aria-label="Read Utilizing available operational solutions article"
                  class="usa-button usa-button--outline"
                  type="button"
                >
                  Read
                </button>
              </div>
            </div>
          </li>
        </ul>
        <div
          class=""
        />
      </div>
    </div>
  </main>
</DocumentFragment>
`;
