// Jest Snapshot v1, https://goo.gl/fbAQLP

exports[`Model Plan Task List Basics page matches snapshot 1`] = `
<main
  className="mint-main-content"
  data-testid="model-plan-basics"
  id="main-content"
  role="main"
  tabIndex={-1}
>
  <div
    className="grid-container"
    data-testid="gridContainer"
  >
    <div
      className="desktop:grid-col-12"
      data-testid="grid"
    >
      Array [
        <nav
          aria-label="Breadcrumbs"
          className="usa-breadcrumb usa-breadcrumb--wrap"
        >
          <ol
            className="usa-breadcrumb__list"
          >
            <li
              className="usa-breadcrumb__list-item"
            >
              <a
                className="usa-breadcrumb__link"
                href="/"
                onClick={[Function]}
              >
                <span>
                  Home
                </span>
              </a>
            </li>
            <li
              className="usa-breadcrumb__list-item"
            >
              <a
                className="usa-breadcrumb__link"
                href="/models/f11eb129-2c80-4080-9440-439cbe1a286f/task-list/"
                onClick={[Function]}
              >
                <span>
                  Model Plan task list
                </span>
              </a>
            </li>
            <li
              aria-current="page"
              className="usa-breadcrumb__list-item usa-current"
            >
              Model basics
            </li>
          </ol>
        </nav>,
        <h1
          aria-live="polite"
          className="mint-h1 margin-top-4 margin-bottom-0"
          tabIndex={-1}
        >
          Model basics
        </h1>,
        <p
          className="margin-top-1 margin-bottom-2 line-height-sans-3"
        >
          If there’s a question or field that is not applicable to your model or you don’t currently know the answer, you may leave it blank. If you need help, ask a question using the link below.
        </p>,
        <div
          className="padding-2 bg-primary-lighter"
        >
          <div
            className="display-flex"
            data-testid="ask-a-question"
          >
            <svg
              className="usa-icon text-primary margin-right-1"
              focusable={false}
              height="1em"
              role="img"
              viewBox="0 0 24 24"
              width="1em"
              xmlns="http://www.w3.org/2000/svg"
            >
              <path
                d="M0 0h24v24H0z"
                fill="none"
              />
              <path
                d="M20 2H4c-1.1 0-1.99.9-1.99 2L2 22l4-4h14c1.1 0 2-.9 2-2V4c0-1.1-.9-2-2-2zm-7 9h-2V5h2v6zm0 4h-2v-2h2v2z"
              />
            </svg>
            <button
              className="usa-button usa-button--unstyled"
              data-testid="ask-a-question-button"
              onClick={[Function]}
              type="button"
            >
              Ask a question
            </button>
          </div>
        </div>,
        <p
          className="margin-bottom-0 margin-top-6"
        >
          All fields marked with 
          <span
            aria-label="(Field required)"
            className="text-red margin-x-05"
          >
            *
          </span>
           are required.
        </p>,
        <div
          className="grid-container padding-x-0"
          data-testid="gridContainer"
        >
          <div
            className="grid-row grid-gap"
            data-testid="grid"
          >
            <div
              className="desktop:grid-col-6"
              data-testid="grid"
            >
              <form
                action="#"
                onReset={[Function]}
                onSubmit={[Function]}
              >
                <fieldset
                  className="usa-fieldset"
                  data-testid="fieldset"
                  disabled={true}
                >
                  <div
                    className="usa-form-group margin-top-4"
                    data-scroll="modelName"
                  >
                    <label
                      className="usa-label"
                      data-testid="label"
                      htmlFor="plan-basics-model-name"
                    >
                      Model name
                      <span
                        aria-label="(Field required)"
                        className="text-red margin-x-05"
                      >
                        *
                      </span>
                    </label>
                    <input
                      className="usa-input"
                      data-testid="textInput"
                      id="plan-basics-model-name"
                      maxLength={50}
                      name="modelName"
                      onBlur={[Function]}
                      onChange={[Function]}
                      value=""
                    />
                  </div>
                  <div
                    className="usa-form-group margin-top-4"
                    data-scroll="abbreviation"
                  >
                    <label
                      className="usa-label"
                      data-testid="label"
                      htmlFor="plan-basics-model-name"
                    >
                      Short name
                    </label>
                    <span
                      className="usa-hint display-block text-normal margin-top-1"
                    >
                      The abbreviation, acronym, or other common name used for the model.
                    </span>
                    <input
                      className="usa-input"
                      data-testid="textInput"
                      id="plan-basics-abbreviation"
                      maxLength={50}
                      name="abbreviation"
                      onBlur={[Function]}
                      onChange={[Function]}
                      value=""
                    />
                  </div>
                  <div
                    className="bg-base-lightest padding-2 margin-top-4"
                  >
                    <label
                      className="usa-label margin-top-0"
                      data-testid="label"
                      htmlFor="plan-basics-demo-code"
                    >
                      Other identifiers
                    </label>
                    <p
                      className="line-height-mono-4"
                    >
                      These are created in 
                      <a
                        aria-label="Open AMS in a new tab"
                        className="usa-link usa-link--external"
                        href="https://ams.cmmi.cms.gov"
                        rel="noopener noreferrer"
                        target="_blank"
                      >
                        CMMI Analysis & Management System (AMS).
                      </a>
                       Skip these fields until your model has been added to AMS. Not all models will have demo codes.
                    </p>
                    <div
                      className="grid-row grid-gap"
                      data-testid="grid"
                    >
                      <div
                        className="desktop:grid-col-6"
                        data-testid="grid"
                      >
                        <div
                          className="usa-form-group margin-top-0"
                          data-scroll="basics.amsModelID"
                        >
                          <label
                            className="usa-label"
                            data-testid="label"
                            htmlFor="plan-basics-ams-model-id"
                          >
                            Model ID
                          </label>
                          <input
                            className="usa-input"
                            data-testid="textInput"
                            id="plan-basics-ams-model-id"
                            maxLength={50}
                            name="basics.amsModelID"
                            onBlur={[Function]}
                            onChange={[Function]}
                            value=""
                          />
                        </div>
                      </div>
                      <div
                        className="desktop:grid-col-6"
                        data-testid="grid"
                      >
                        <div
                          className="usa-form-group margin-top-0"
                          data-scroll="basics.demoCode"
                        >
                          <label
                            className="usa-label"
                            data-testid="label"
                            htmlFor="plan-basics-demo-code"
                          >
                            Demo code(s)
                          </label>
                          <input
                            className="usa-input"
                            data-testid="textInput"
                            id="plan-basics-demo-code"
                            maxLength={50}
                            name="basics.demoCode"
                            onBlur={[Function]}
                            onChange={[Function]}
                            value=""
                          />
                        </div>
                      </div>
                    </div>
                  </div>
                  <div
                    className="usa-form-group margin-top-4"
                    data-scroll="modelCategory"
                  >
                    <label
                      className="usa-label"
                      data-testid="label"
                      htmlFor="plan-basics-model-category"
                    >
                      Primary model category
                      <span
                        aria-label="(Field required)"
                        className="text-red margin-x-05"
                      >
                        *
                      </span>
                    </label>
                    <fieldset
                      className="usa-fieldset"
                      data-testid="fieldset"
                    >
                      <div
                        className="usa-radio"
                        data-testid="radio"
                      >
                        <input
                          checked={false}
                          className="usa-radio__input"
                          id="plan-basics-model-category-ACCOUNTABLE_CARE"
                          name="basics.modelCategory"
                          onBlur={[Function]}
                          onChange={[Function]}
                          type="radio"
                          value="ACCOUNTABLE_CARE"
                        />
                        <label
                          className="usa-radio__label"
                          htmlFor="plan-basics-model-category-ACCOUNTABLE_CARE"
                        >
                          <span
                            className="display-flex flex-align-center"
                            style={
                              Object {
                                "gap": "4px",
                              }
                            }
                          >
                            Accountable Care
                            <span
                              className="usa-tooltip"
                              data-testid="tooltipWrapper"
                            >
                              <div
                                aria-describedby="tooltip"
                                className="usa-tooltip__trigger"
                                data-testid="triggerElement"
                                id="mint-tooltip"
                                onBlur={[Function]}
                                onFocus={[Function]}
                                onKeyDown={[Function]}
                                onMouseEnter={[Function]}
                                onMouseLeave={[Function]}
                                onMouseOver={[Function]}
                                position="right"
                                tabIndex={0}
                                title=""
                              >
                                <svg
                                  className="usa-icon text-base-light"
                                  focusable={false}
                                  height="1em"
                                  role="img"
                                  viewBox="0 0 24 24"
                                  width="1em"
                                  xmlns="http://www.w3.org/2000/svg"
                                >
                                  <path
                                    d="M0 0h24v24H0z"
                                    fill="none"
                                  />
                                  <path
                                    d="M12 2C6.48 2 2 6.48 2 12s4.48 10 10 10 10-4.48 10-10S17.52 2 12 2zm1 15h-2v-6h2v6zm0-8h-2V7h2v2z"
                                  />
                                </svg>
                              </div>
                              <span
                                aria-describedby="mint-tooltip"
                                aria-hidden={true}
                                className="usa-tooltip__body"
                                data-testid="tooltipBody"
                                id="mint-tooltip-body"
                                role="tooltip"
                                style={Object {}}
                                title="Models in which a doctor, group of health care providers or hospital takes financial responsibility for improving quality of care, including advanced primary care services, care coordination and health outcomes for a defined group of patients, thereby reducing care fragmentation and unnecessary costs for patients and the health system"
                              >
                                Models in which a doctor, group of health care providers or hospital takes financial responsibility for improving quality of care, including advanced primary care services, care coordination and health outcomes for a defined group of patients, thereby reducing care fragmentation and unnecessary costs for patients and the health system
                              </span>
                            </span>
                          </span>
                        </label>
                      </div>
                      <div
                        className="usa-radio"
                        data-testid="radio"
                      >
                        <input
                          checked={false}
                          className="usa-radio__input"
                          id="plan-basics-model-category-DISEASE_SPECIFIC_AND_EPISODIC"
                          name="basics.modelCategory"
                          onBlur={[Function]}
                          onChange={[Function]}
                          type="radio"
                          value="DISEASE_SPECIFIC_AND_EPISODIC"
                        />
                        <label
                          className="usa-radio__label"
                          htmlFor="plan-basics-model-category-DISEASE_SPECIFIC_AND_EPISODIC"
                        >
                          <span
                            className="display-flex flex-align-center"
                            style={
                              Object {
                                "gap": "4px",
                              }
                            }
                          >
                            Disease-Specific & Episodic
                            <span
                              className="usa-tooltip"
                              data-testid="tooltipWrapper"
                            >
                              <div
                                aria-describedby="tooltip"
                                className="usa-tooltip__trigger"
                                data-testid="triggerElement"
                                id="mint-tooltip"
                                onBlur={[Function]}
                                onFocus={[Function]}
                                onKeyDown={[Function]}
                                onMouseEnter={[Function]}
                                onMouseLeave={[Function]}
                                onMouseOver={[Function]}
                                position="right"
                                tabIndex={0}
                                title=""
                              >
                                <svg
                                  className="usa-icon text-base-light"
                                  focusable={false}
                                  height="1em"
                                  role="img"
                                  viewBox="0 0 24 24"
                                  width="1em"
                                  xmlns="http://www.w3.org/2000/svg"
                                >
                                  <path
                                    d="M0 0h24v24H0z"
                                    fill="none"
                                  />
                                  <path
                                    d="M12 2C6.48 2 2 6.48 2 12s4.48 10 10 10 10-4.48 10-10S17.52 2 12 2zm1 15h-2v-6h2v6zm0-8h-2V7h2v2z"
                                  />
                                </svg>
                              </div>
                              <span
                                aria-describedby="mint-tooltip"
                                aria-hidden={true}
                                className="usa-tooltip__body"
                                data-testid="tooltipBody"
                                id="mint-tooltip-body"
                                role="tooltip"
                                style={Object {}}
                                title="Models which aim to address deficits in care for a defined population with a specific shared disease or medical condition, procedure, or care episode"
                              >
                                Models which aim to address deficits in care for a defined population with a specific shared disease or medical condition, procedure, or care episode
                              </span>
                            </span>
                          </span>
                        </label>
                      </div>
                      <div
                        className="usa-radio"
                        data-testid="radio"
                      >
                        <input
                          checked={false}
                          className="usa-radio__input"
                          id="plan-basics-model-category-HEALTH_PLAN"
                          name="basics.modelCategory"
                          onBlur={[Function]}
                          onChange={[Function]}
                          type="radio"
                          value="HEALTH_PLAN"
                        />
                        <label
                          className="usa-radio__label"
                          htmlFor="plan-basics-model-category-HEALTH_PLAN"
                        >
                          <span
                            className="display-flex flex-align-center"
                            style={
                              Object {
                                "gap": "4px",
                              }
                            }
                          >
                            Health Plan
                            <span
                              className="usa-tooltip"
                              data-testid="tooltipWrapper"
                            >
                              <div
                                aria-describedby="tooltip"
                                className="usa-tooltip__trigger"
                                data-testid="triggerElement"
                                id="mint-tooltip"
                                onBlur={[Function]}
                                onFocus={[Function]}
                                onKeyDown={[Function]}
                                onMouseEnter={[Function]}
                                onMouseLeave={[Function]}
                                onMouseOver={[Function]}
                                position="right"
                                tabIndex={0}
                                title=""
                              >
                                <svg
                                  className="usa-icon text-base-light"
                                  focusable={false}
                                  height="1em"
                                  role="img"
                                  viewBox="0 0 24 24"
                                  width="1em"
                                  xmlns="http://www.w3.org/2000/svg"
                                >
                                  <path
                                    d="M0 0h24v24H0z"
                                    fill="none"
                                  />
                                  <path
                                    d="M12 2C6.48 2 2 6.48 2 12s4.48 10 10 10 10-4.48 10-10S17.52 2 12 2zm1 15h-2v-6h2v6zm0-8h-2V7h2v2z"
                                  />
                                </svg>
                              </div>
                              <span
                                aria-describedby="mint-tooltip"
                                aria-hidden={true}
                                className="usa-tooltip__body"
                                data-testid="tooltipBody"
                                id="mint-tooltip-body"
                                role="tooltip"
                                style={Object {}}
                                title="Models comprising Medicare Advantage plans"
                              >
                                Models comprising Medicare Advantage plans
                              </span>
                            </span>
                          </span>
                        </label>
                      </div>
                      <div
                        className="usa-radio"
                        data-testid="radio"
                      >
                        <input
                          checked={false}
                          className="usa-radio__input"
                          id="plan-basics-model-category-PRESCRIPTION_DRUG"
                          name="basics.modelCategory"
                          onBlur={[Function]}
                          onChange={[Function]}
                          type="radio"
                          value="PRESCRIPTION_DRUG"
                        />
                        <label
                          className="usa-radio__label"
                          htmlFor="plan-basics-model-category-PRESCRIPTION_DRUG"
                        >
                          <span
                            className="display-flex flex-align-center"
                            style={
                              Object {
                                "gap": "4px",
                              }
                            }
                          >
                            Prescription Drug
                            <span
                              className="usa-tooltip"
                              data-testid="tooltipWrapper"
                            >
                              <div
                                aria-describedby="tooltip"
                                className="usa-tooltip__trigger"
                                data-testid="triggerElement"
                                id="mint-tooltip"
                                onBlur={[Function]}
                                onFocus={[Function]}
                                onKeyDown={[Function]}
                                onMouseEnter={[Function]}
                                onMouseLeave={[Function]}
                                onMouseOver={[Function]}
                                position="right"
                                tabIndex={0}
                                title=""
                              >
                                <svg
                                  className="usa-icon text-base-light"
                                  focusable={false}
                                  height="1em"
                                  role="img"
                                  viewBox="0 0 24 24"
                                  width="1em"
                                  xmlns="http://www.w3.org/2000/svg"
                                >
                                  <path
                                    d="M0 0h24v24H0z"
                                    fill="none"
                                  />
                                  <path
                                    d="M12 2C6.48 2 2 6.48 2 12s4.48 10 10 10 10-4.48 10-10S17.52 2 12 2zm1 15h-2v-6h2v6zm0-8h-2V7h2v2z"
                                  />
                                </svg>
                              </div>
                              <span
                                aria-describedby="mint-tooltip"
                                aria-hidden={true}
                                className="usa-tooltip__body"
                                data-testid="tooltipBody"
                                id="mint-tooltip-body"
                                role="tooltip"
                                style={Object {}}
                                title="Models which seek to mitigate the total cost of care by improving access to and the affordability of prescription drugs covered under Part B or Part D, including gene cell therapy, accelerated approvals and biosimilars"
                              >
                                Models which seek to mitigate the total cost of care by improving access to and the affordability of prescription drugs covered under Part B or Part D, including gene cell therapy, accelerated approvals and biosimilars
                              </span>
                            </span>
                          </span>
                        </label>
                      </div>
                      <div
                        className="usa-radio"
                        data-testid="radio"
                      >
                        <input
                          checked={false}
                          className="usa-radio__input"
                          id="plan-basics-model-category-STATE_BASED"
                          name="basics.modelCategory"
                          onBlur={[Function]}
                          onChange={[Function]}
                          type="radio"
                          value="STATE_BASED"
                        />
                        <label
                          className="usa-radio__label"
                          htmlFor="plan-basics-model-category-STATE_BASED"
                        >
                          <span
                            className="display-flex flex-align-center"
                            style={
                              Object {
                                "gap": "4px",
                              }
                            }
                          >
                            State-Based
                            <span
                              className="usa-tooltip"
                              data-testid="tooltipWrapper"
                            >
                              <div
                                aria-describedby="tooltip"
                                className="usa-tooltip__trigger"
                                data-testid="triggerElement"
                                id="mint-tooltip"
                                onBlur={[Function]}
                                onFocus={[Function]}
                                onKeyDown={[Function]}
                                onMouseEnter={[Function]}
                                onMouseLeave={[Function]}
                                onMouseOver={[Function]}
                                position="right"
                                tabIndex={0}
                                title=""
                              >
                                <svg
                                  className="usa-icon text-base-light"
                                  focusable={false}
                                  height="1em"
                                  role="img"
                                  viewBox="0 0 24 24"
                                  width="1em"
                                  xmlns="http://www.w3.org/2000/svg"
                                >
                                  <path
                                    d="M0 0h24v24H0z"
                                    fill="none"
                                  />
                                  <path
                                    d="M12 2C6.48 2 2 6.48 2 12s4.48 10 10 10 10-4.48 10-10S17.52 2 12 2zm1 15h-2v-6h2v6zm0-8h-2V7h2v2z"
                                  />
                                </svg>
                              </div>
                              <span
                                aria-describedby="mint-tooltip"
                                aria-hidden={true}
                                className="usa-tooltip__body"
                                data-testid="tooltipBody"
                                id="mint-tooltip-body"
                                role="tooltip"
                                style={Object {}}
                                title="Models in which a state serves as the main contractual participant"
                              >
                                Models in which a state serves as the main contractual participant
                              </span>
                            </span>
                          </span>
                        </label>
                      </div>
                      <div
                        className="usa-radio"
                        data-testid="radio"
                      >
                        <input
                          checked={false}
                          className="usa-radio__input"
                          id="plan-basics-model-category-STATUTORY"
                          name="basics.modelCategory"
                          onBlur={[Function]}
                          onChange={[Function]}
                          type="radio"
                          value="STATUTORY"
                        />
                        <label
                          className="usa-radio__label"
                          htmlFor="plan-basics-model-category-STATUTORY"
                        >
                          <span
                            className="display-flex flex-align-center"
                            style={
                              Object {
                                "gap": "4px",
                              }
                            }
                          >
                            Statutory
                            <span
                              className="usa-tooltip"
                              data-testid="tooltipWrapper"
                            >
                              <div
                                aria-describedby="tooltip"
                                className="usa-tooltip__trigger"
                                data-testid="triggerElement"
                                id="mint-tooltip"
                                onBlur={[Function]}
                                onFocus={[Function]}
                                onKeyDown={[Function]}
                                onMouseEnter={[Function]}
                                onMouseLeave={[Function]}
                                onMouseOver={[Function]}
                                position="right"
                                tabIndex={0}
                                title=""
                              >
                                <svg
                                  className="usa-icon text-base-light"
                                  focusable={false}
                                  height="1em"
                                  role="img"
                                  viewBox="0 0 24 24"
                                  width="1em"
                                  xmlns="http://www.w3.org/2000/svg"
                                >
                                  <path
                                    d="M0 0h24v24H0z"
                                    fill="none"
                                  />
                                  <path
                                    d="M12 2C6.48 2 2 6.48 2 12s4.48 10 10 10 10-4.48 10-10S17.52 2 12 2zm1 15h-2v-6h2v6zm0-8h-2V7h2v2z"
                                  />
                                </svg>
                              </div>
                              <span
                                aria-describedby="mint-tooltip"
                                aria-hidden={true}
                                className="usa-tooltip__body"
                                data-testid="tooltipBody"
                                id="mint-tooltip-body"
                                role="tooltip"
                                style={Object {}}
                                title="Models and demonstrations requiring testing as determined by Congress under Social Security Act 1115A"
                              >
                                Models and demonstrations requiring testing as determined by Congress under Social Security Act 1115A
                              </span>
                            </span>
                          </span>
                        </label>
                      </div>
                      <div
                        className="usa-radio"
                        data-testid="radio"
                      >
                        <input
                          checked={false}
                          className="usa-radio__input"
                          id="plan-basics-model-category-TO_BE_DETERMINED"
                          name="basics.modelCategory"
                          onBlur={[Function]}
                          onChange={[Function]}
                          type="radio"
                          value="TO_BE_DETERMINED"
                        />
                        <label
                          className="usa-radio__label"
                          htmlFor="plan-basics-model-category-TO_BE_DETERMINED"
                        >
                          <span
                            className="display-flex flex-align-center"
                            style={
                              Object {
                                "gap": "4px",
                              }
                            }
                          >
                            To be determined
                          </span>
                        </label>
                      </div>
                    </fieldset>
                  </div>
                  <div
                    className="usa-form-group margin-top-4"
                  >
                    <label
                      className="usa-label text-normal"
                      data-testid="label"
                      htmlFor="basics.additionalModelCategories"
                    >
                      Additional model categories
                    </label>
                    <span
                      className="usa-hint display-block text-normal margin-top-1"
                    >
                      If your model doesn’t fall into any additional categories, you can skip this.
                    </span>
                    <div
                      className="mint-checkbox usa-checkbox"
                    >
                      <input
                        checked={false}
                        className="usa-checkbox__input"
                        disabled={false}
                        id="plan-basics-model-additional-category-ACCOUNTABLE_CARE"
                        name="basics.additionalModelCategories"
                        onBlur={[Function]}
                        onChange={[Function]}
                        type="checkbox"
                        value="ACCOUNTABLE_CARE"
                      />
                      <label
                        className="usa-checkbox__label"
                        htmlFor="plan-basics-model-additional-category-ACCOUNTABLE_CARE"
                        style={
                          Object {
                            "width": "fit-content",
                          }
                        }
                      >
                        <span
                          className="display-flex flex-align-center"
                          style={
                            Object {
                              "gap": "4px",
                            }
                          }
                        >
                          Accountable Care
                          <span
                            className="usa-tooltip"
                            data-testid="tooltipWrapper"
                          >
                            <div
                              aria-describedby="tooltip"
                              className="usa-tooltip__trigger"
                              data-testid="triggerElement"
                              id="mint-tooltip"
                              onBlur={[Function]}
                              onFocus={[Function]}
                              onKeyDown={[Function]}
                              onMouseEnter={[Function]}
                              onMouseLeave={[Function]}
                              onMouseOver={[Function]}
                              position="right"
                              tabIndex={0}
                              title=""
                            >
                              <svg
                                className="usa-icon text-base-light"
                                focusable={false}
                                height="1em"
                                role="img"
                                viewBox="0 0 24 24"
                                width="1em"
                                xmlns="http://www.w3.org/2000/svg"
                              >
                                <path
                                  d="M0 0h24v24H0z"
                                  fill="none"
                                />
                                <path
                                  d="M12 2C6.48 2 2 6.48 2 12s4.48 10 10 10 10-4.48 10-10S17.52 2 12 2zm1 15h-2v-6h2v6zm0-8h-2V7h2v2z"
                                />
                              </svg>
                            </div>
                            <span
                              aria-describedby="mint-tooltip"
                              aria-hidden={true}
                              className="usa-tooltip__body"
                              data-testid="tooltipBody"
                              id="mint-tooltip-body"
                              role="tooltip"
                              style={Object {}}
                              title="Models in which a doctor, group of health care providers or hospital takes financial responsibility for improving quality of care, including advanced primary care services, care coordination and health outcomes for a defined group of patients, thereby reducing care fragmentation and unnecessary costs for patients and the health system"
                            >
                              Models in which a doctor, group of health care providers or hospital takes financial responsibility for improving quality of care, including advanced primary care services, care coordination and health outcomes for a defined group of patients, thereby reducing care fragmentation and unnecessary costs for patients and the health system
                            </span>
                          </span>
                        </span>
                      </label>
                      <p
                        className="margin-y-1 margin-left-4 line-height-body-3 font-body-2xs"
                      />
                    </div>
                    <div
                      className="mint-checkbox usa-checkbox"
                    >
                      <input
                        checked={false}
                        className="usa-checkbox__input"
                        disabled={false}
                        id="plan-basics-model-additional-category-DISEASE_SPECIFIC_AND_EPISODIC"
                        name="basics.additionalModelCategories"
                        onBlur={[Function]}
                        onChange={[Function]}
                        type="checkbox"
                        value="DISEASE_SPECIFIC_AND_EPISODIC"
                      />
                      <label
                        className="usa-checkbox__label"
                        htmlFor="plan-basics-model-additional-category-DISEASE_SPECIFIC_AND_EPISODIC"
                        style={
                          Object {
                            "width": "fit-content",
                          }
                        }
                      >
                        <span
                          className="display-flex flex-align-center"
                          style={
                            Object {
                              "gap": "4px",
                            }
                          }
                        >
                          Disease-Specific & Episodic
                          <span
                            className="usa-tooltip"
                            data-testid="tooltipWrapper"
                          >
                            <div
                              aria-describedby="tooltip"
                              className="usa-tooltip__trigger"
                              data-testid="triggerElement"
                              id="mint-tooltip"
                              onBlur={[Function]}
                              onFocus={[Function]}
                              onKeyDown={[Function]}
                              onMouseEnter={[Function]}
                              onMouseLeave={[Function]}
                              onMouseOver={[Function]}
                              position="right"
                              tabIndex={0}
                              title=""
                            >
                              <svg
                                className="usa-icon text-base-light"
                                focusable={false}
                                height="1em"
                                role="img"
                                viewBox="0 0 24 24"
                                width="1em"
                                xmlns="http://www.w3.org/2000/svg"
                              >
                                <path
                                  d="M0 0h24v24H0z"
                                  fill="none"
                                />
                                <path
                                  d="M12 2C6.48 2 2 6.48 2 12s4.48 10 10 10 10-4.48 10-10S17.52 2 12 2zm1 15h-2v-6h2v6zm0-8h-2V7h2v2z"
                                />
                              </svg>
                            </div>
                            <span
                              aria-describedby="mint-tooltip"
                              aria-hidden={true}
                              className="usa-tooltip__body"
                              data-testid="tooltipBody"
                              id="mint-tooltip-body"
                              role="tooltip"
                              style={Object {}}
                              title="Models which aim to address deficits in care for a defined population with a specific shared disease or medical condition, procedure, or care episode"
                            >
                              Models which aim to address deficits in care for a defined population with a specific shared disease or medical condition, procedure, or care episode
                            </span>
                          </span>
                        </span>
                      </label>
                      <p
                        className="margin-y-1 margin-left-4 line-height-body-3 font-body-2xs"
                      />
                    </div>
                    <div
                      className="mint-checkbox usa-checkbox"
                    >
                      <input
                        checked={false}
                        className="usa-checkbox__input"
                        disabled={false}
                        id="plan-basics-model-additional-category-HEALTH_PLAN"
                        name="basics.additionalModelCategories"
                        onBlur={[Function]}
                        onChange={[Function]}
                        type="checkbox"
                        value="HEALTH_PLAN"
                      />
                      <label
                        className="usa-checkbox__label"
                        htmlFor="plan-basics-model-additional-category-HEALTH_PLAN"
                        style={
                          Object {
                            "width": "fit-content",
                          }
                        }
                      >
                        <span
                          className="display-flex flex-align-center"
                          style={
                            Object {
                              "gap": "4px",
                            }
                          }
                        >
                          Health Plan
                          <span
                            className="usa-tooltip"
                            data-testid="tooltipWrapper"
                          >
                            <div
                              aria-describedby="tooltip"
                              className="usa-tooltip__trigger"
                              data-testid="triggerElement"
                              id="mint-tooltip"
                              onBlur={[Function]}
                              onFocus={[Function]}
                              onKeyDown={[Function]}
                              onMouseEnter={[Function]}
                              onMouseLeave={[Function]}
                              onMouseOver={[Function]}
                              position="right"
                              tabIndex={0}
                              title=""
                            >
                              <svg
                                className="usa-icon text-base-light"
                                focusable={false}
                                height="1em"
                                role="img"
                                viewBox="0 0 24 24"
                                width="1em"
                                xmlns="http://www.w3.org/2000/svg"
                              >
                                <path
                                  d="M0 0h24v24H0z"
                                  fill="none"
                                />
                                <path
                                  d="M12 2C6.48 2 2 6.48 2 12s4.48 10 10 10 10-4.48 10-10S17.52 2 12 2zm1 15h-2v-6h2v6zm0-8h-2V7h2v2z"
                                />
                              </svg>
                            </div>
                            <span
                              aria-describedby="mint-tooltip"
                              aria-hidden={true}
                              className="usa-tooltip__body"
                              data-testid="tooltipBody"
                              id="mint-tooltip-body"
                              role="tooltip"
                              style={Object {}}
                              title="Models comprising Medicare Advantage plans"
                            >
                              Models comprising Medicare Advantage plans
                            </span>
                          </span>
                        </span>
                      </label>
                      <p
                        className="margin-y-1 margin-left-4 line-height-body-3 font-body-2xs"
                      />
                    </div>
                    <div
                      className="mint-checkbox usa-checkbox"
                    >
                      <input
                        checked={false}
                        className="usa-checkbox__input"
                        disabled={false}
                        id="plan-basics-model-additional-category-PRESCRIPTION_DRUG"
                        name="basics.additionalModelCategories"
                        onBlur={[Function]}
                        onChange={[Function]}
                        type="checkbox"
                        value="PRESCRIPTION_DRUG"
                      />
                      <label
                        className="usa-checkbox__label"
                        htmlFor="plan-basics-model-additional-category-PRESCRIPTION_DRUG"
                        style={
                          Object {
                            "width": "fit-content",
                          }
                        }
                      >
                        <span
                          className="display-flex flex-align-center"
                          style={
                            Object {
                              "gap": "4px",
                            }
                          }
                        >
                          Prescription Drug
                          <span
                            className="usa-tooltip"
                            data-testid="tooltipWrapper"
                          >
                            <div
                              aria-describedby="tooltip"
                              className="usa-tooltip__trigger"
                              data-testid="triggerElement"
                              id="mint-tooltip"
                              onBlur={[Function]}
                              onFocus={[Function]}
                              onKeyDown={[Function]}
                              onMouseEnter={[Function]}
                              onMouseLeave={[Function]}
                              onMouseOver={[Function]}
                              position="right"
                              tabIndex={0}
                              title=""
                            >
                              <svg
                                className="usa-icon text-base-light"
                                focusable={false}
                                height="1em"
                                role="img"
                                viewBox="0 0 24 24"
                                width="1em"
                                xmlns="http://www.w3.org/2000/svg"
                              >
                                <path
                                  d="M0 0h24v24H0z"
                                  fill="none"
                                />
                                <path
                                  d="M12 2C6.48 2 2 6.48 2 12s4.48 10 10 10 10-4.48 10-10S17.52 2 12 2zm1 15h-2v-6h2v6zm0-8h-2V7h2v2z"
                                />
                              </svg>
                            </div>
                            <span
                              aria-describedby="mint-tooltip"
                              aria-hidden={true}
                              className="usa-tooltip__body"
                              data-testid="tooltipBody"
                              id="mint-tooltip-body"
                              role="tooltip"
                              style={Object {}}
                              title="Models which seek to mitigate the total cost of care by improving access to and the affordability of prescription drugs covered under Part B or Part D, including gene cell therapy, accelerated approvals and biosimilars"
                            >
                              Models which seek to mitigate the total cost of care by improving access to and the affordability of prescription drugs covered under Part B or Part D, including gene cell therapy, accelerated approvals and biosimilars
                            </span>
                          </span>
                        </span>
                      </label>
                      <p
                        className="margin-y-1 margin-left-4 line-height-body-3 font-body-2xs"
                      />
                    </div>
                    <div
                      className="mint-checkbox usa-checkbox"
                    >
                      <input
                        checked={false}
                        className="usa-checkbox__input"
                        disabled={false}
                        id="plan-basics-model-additional-category-STATE_BASED"
                        name="basics.additionalModelCategories"
                        onBlur={[Function]}
                        onChange={[Function]}
                        type="checkbox"
                        value="STATE_BASED"
                      />
                      <label
                        className="usa-checkbox__label"
                        htmlFor="plan-basics-model-additional-category-STATE_BASED"
                        style={
                          Object {
                            "width": "fit-content",
                          }
                        }
                      >
                        <span
                          className="display-flex flex-align-center"
                          style={
                            Object {
                              "gap": "4px",
                            }
                          }
                        >
                          State-Based
                          <span
                            className="usa-tooltip"
                            data-testid="tooltipWrapper"
                          >
                            <div
                              aria-describedby="tooltip"
                              className="usa-tooltip__trigger"
                              data-testid="triggerElement"
                              id="mint-tooltip"
                              onBlur={[Function]}
                              onFocus={[Function]}
                              onKeyDown={[Function]}
                              onMouseEnter={[Function]}
                              onMouseLeave={[Function]}
                              onMouseOver={[Function]}
                              position="right"
                              tabIndex={0}
                              title=""
                            >
                              <svg
                                className="usa-icon text-base-light"
                                focusable={false}
                                height="1em"
                                role="img"
                                viewBox="0 0 24 24"
                                width="1em"
                                xmlns="http://www.w3.org/2000/svg"
                              >
                                <path
                                  d="M0 0h24v24H0z"
                                  fill="none"
                                />
                                <path
                                  d="M12 2C6.48 2 2 6.48 2 12s4.48 10 10 10 10-4.48 10-10S17.52 2 12 2zm1 15h-2v-6h2v6zm0-8h-2V7h2v2z"
                                />
                              </svg>
                            </div>
                            <span
                              aria-describedby="mint-tooltip"
                              aria-hidden={true}
                              className="usa-tooltip__body"
                              data-testid="tooltipBody"
                              id="mint-tooltip-body"
                              role="tooltip"
                              style={Object {}}
                              title="Models in which a state serves as the main contractual participant"
                            >
                              Models in which a state serves as the main contractual participant
                            </span>
                          </span>
                        </span>
                      </label>
                      <p
                        className="margin-y-1 margin-left-4 line-height-body-3 font-body-2xs"
                      />
                    </div>
                    <div
                      className="mint-checkbox usa-checkbox"
                    >
                      <input
                        checked={false}
                        className="usa-checkbox__input"
                        disabled={false}
                        id="plan-basics-model-additional-category-STATUTORY"
                        name="basics.additionalModelCategories"
                        onBlur={[Function]}
                        onChange={[Function]}
                        type="checkbox"
                        value="STATUTORY"
                      />
                      <label
                        className="usa-checkbox__label"
                        htmlFor="plan-basics-model-additional-category-STATUTORY"
                        style={
                          Object {
                            "width": "fit-content",
                          }
                        }
                      >
                        <span
                          className="display-flex flex-align-center"
                          style={
                            Object {
                              "gap": "4px",
                            }
                          }
                        >
                          Statutory
                          <span
                            className="usa-tooltip"
                            data-testid="tooltipWrapper"
                          >
                            <div
                              aria-describedby="tooltip"
                              className="usa-tooltip__trigger"
                              data-testid="triggerElement"
                              id="mint-tooltip"
                              onBlur={[Function]}
                              onFocus={[Function]}
                              onKeyDown={[Function]}
                              onMouseEnter={[Function]}
                              onMouseLeave={[Function]}
                              onMouseOver={[Function]}
                              position="right"
                              tabIndex={0}
                              title=""
                            >
                              <svg
                                className="usa-icon text-base-light"
                                focusable={false}
                                height="1em"
                                role="img"
                                viewBox="0 0 24 24"
                                width="1em"
                                xmlns="http://www.w3.org/2000/svg"
                              >
                                <path
                                  d="M0 0h24v24H0z"
                                  fill="none"
                                />
                                <path
                                  d="M12 2C6.48 2 2 6.48 2 12s4.48 10 10 10 10-4.48 10-10S17.52 2 12 2zm1 15h-2v-6h2v6zm0-8h-2V7h2v2z"
                                />
                              </svg>
                            </div>
                            <span
                              aria-describedby="mint-tooltip"
                              aria-hidden={true}
                              className="usa-tooltip__body"
                              data-testid="tooltipBody"
                              id="mint-tooltip-body"
                              role="tooltip"
                              style={Object {}}
                              title="Models and demonstrations requiring testing as determined by Congress under Social Security Act 1115A"
                            >
                              Models and demonstrations requiring testing as determined by Congress under Social Security Act 1115A
                            </span>
                          </span>
                        </span>
                      </label>
                      <p
                        className="margin-y-1 margin-left-4 line-height-body-3 font-body-2xs"
                      />
                    </div>
                  </div>
                  <div
                    className="usa-form-group margin-top-4"
                    data-scroll="cmsCenters"
                  >
                    <fieldset
                      className="usa-fieldset"
                      data-testid="fieldset"
                    >
                      Array [
                        <label
                          className="usa-label"
                          data-testid="label"
                          htmlFor="plan-basics-cmsCenters"
                        >
                          CMS component
                          <span
                            aria-label="(Field required)"
                            className="text-red margin-x-05"
                          >
                            *
                          </span>
                        </label>,
                        "",
                        <div
                          className="mint-checkbox usa-checkbox"
                        >
                          <input
                            checked={false}
                            className="usa-checkbox__input"
                            id="new-plan-cmsCenters-CMMI"
                            name="basics.cmsCenters"
                            onBlur={[Function]}
                            onChange={[Function]}
                            type="checkbox"
                            value="CMMI"
                          />
                          <label
                            className="usa-checkbox__label"
                            htmlFor="new-plan-cmsCenters-CMMI"
                            style={
                              Object {
                                "width": "fit-content",
                              }
                            }
                          >
                            CMMI
                          </label>
                          <p
                            className="margin-y-1 margin-left-4 line-height-body-3 font-body-2xs"
                          />
                        </div>,
                        <div
                          className="mint-checkbox usa-checkbox"
                        >
                          <input
                            checked={false}
                            className="usa-checkbox__input"
                            id="new-plan-cmsCenters-CENTER_FOR_MEDICARE"
                            name="basics.cmsCenters"
                            onBlur={[Function]}
                            onChange={[Function]}
                            type="checkbox"
                            value="CENTER_FOR_MEDICARE"
                          />
                          <label
                            className="usa-checkbox__label"
                            htmlFor="new-plan-cmsCenters-CENTER_FOR_MEDICARE"
                            style={
                              Object {
                                "width": "fit-content",
                              }
                            }
                          >
                            Center for Medicare (CM)
                          </label>
                          <p
                            className="margin-y-1 margin-left-4 line-height-body-3 font-body-2xs"
                          />
                        </div>,
                        <div
                          className="mint-checkbox usa-checkbox"
                        >
                          <input
                            checked={false}
                            className="usa-checkbox__input"
                            id="new-plan-cmsCenters-FEDERAL_COORDINATED_HEALTH_CARE_OFFICE"
                            name="basics.cmsCenters"
                            onBlur={[Function]}
                            onChange={[Function]}
                            type="checkbox"
                            value="FEDERAL_COORDINATED_HEALTH_CARE_OFFICE"
                          />
                          <label
                            className="usa-checkbox__label"
                            htmlFor="new-plan-cmsCenters-FEDERAL_COORDINATED_HEALTH_CARE_OFFICE"
                            style={
                              Object {
                                "width": "fit-content",
                              }
                            }
                          >
                            Federal Coordinated Health Care
                          </label>
                          <p
                            className="margin-y-1 margin-left-4 line-height-body-3 font-body-2xs"
                          />
                        </div>,
                        <div
                          className="mint-checkbox usa-checkbox"
                        >
                          <input
                            checked={false}
                            className="usa-checkbox__input"
                            id="new-plan-cmsCenters-CENTER_FOR_CLINICAL_STANDARDS_AND_QUALITY"
                            name="basics.cmsCenters"
                            onBlur={[Function]}
                            onChange={[Function]}
                            type="checkbox"
                            value="CENTER_FOR_CLINICAL_STANDARDS_AND_QUALITY"
                          />
                          <label
                            className="usa-checkbox__label"
                            htmlFor="new-plan-cmsCenters-CENTER_FOR_CLINICAL_STANDARDS_AND_QUALITY"
                            style={
                              Object {
                                "width": "fit-content",
                              }
                            }
                          >
                            Center for Clinical Standards and Quality (CCSQ)
                          </label>
                          <p
                            className="margin-y-1 margin-left-4 line-height-body-3 font-body-2xs"
                          />
                        </div>,
                        <div
                          className="mint-checkbox usa-checkbox"
                        >
                          <input
                            checked={false}
                            className="usa-checkbox__input"
                            id="new-plan-cmsCenters-CENTER_FOR_PROGRAM_INTEGRITY"
                            name="basics.cmsCenters"
                            onBlur={[Function]}
                            onChange={[Function]}
                            type="checkbox"
                            value="CENTER_FOR_PROGRAM_INTEGRITY"
                          />
                          <label
                            className="usa-checkbox__label"
                            htmlFor="new-plan-cmsCenters-CENTER_FOR_PROGRAM_INTEGRITY"
                            style={
                              Object {
                                "width": "fit-content",
                              }
                            }
                          >
                            Center for Program Integrity (CPI)
                          </label>
                          <p
                            className="margin-y-1 margin-left-4 line-height-body-3 font-body-2xs"
                          />
                        </div>,
                        <div
                          className="mint-checkbox usa-checkbox"
                        >
                          <input
                            checked={false}
                            className="usa-checkbox__input"
                            id="new-plan-cmsCenters-OTHER"
                            name="basics.cmsCenters"
                            onBlur={[Function]}
                            onChange={[Function]}
                            type="checkbox"
                            value="OTHER"
                          />
                          <label
                            className="usa-checkbox__label"
                            htmlFor="new-plan-cmsCenters-OTHER"
                            style={
                              Object {
                                "width": "fit-content",
                              }
                            }
                          >
                            Other
                          </label>
                          <p
                            className="margin-y-1 margin-left-4 line-height-body-3 font-body-2xs"
                          />
                        </div>,
                      ]
                    </fieldset>
                  </div>
                  <div
                    className="usa-form-group margin-top-4"
                  >
                    <label
                      className="usa-label text-normal"
                      data-testid="label"
                      htmlFor="basics.cmmiGroups"
                    >
                      CMMI Group
                    </label>
                    <p
                      className="text-base margin-bottom-1 margin-top-1"
                    >
                      You only need to select the CMMI group if CMMI is selected as the main CMS component.
                    </p>
                    <div
                      className="mint-checkbox usa-checkbox easy-checkbox--disabled"
                    >
                      <input
                        checked={false}
                        className="usa-checkbox__input"
                        disabled={true}
                        id="new-plan-cmmiGroup-PATIENT_CARE_MODELS_GROUP"
                        name="basics.cmmiGroups"
                        onBlur={[Function]}
                        onChange={[Function]}
                        type="checkbox"
                        value="PATIENT_CARE_MODELS_GROUP"
                      />
                      <label
                        className="usa-checkbox__label"
                        htmlFor="new-plan-cmmiGroup-PATIENT_CARE_MODELS_GROUP"
                        style={
                          Object {
                            "width": "fit-content",
                          }
                        }
                      >
                        Patient Care Models Group (PCMG)
                      </label>
                      <p
                        className="margin-y-1 margin-left-4 line-height-body-3 font-body-2xs text-gray-30"
                      />
                    </div>
                    <div
                      className="mint-checkbox usa-checkbox easy-checkbox--disabled"
                    >
                      <input
                        checked={false}
                        className="usa-checkbox__input"
                        disabled={true}
                        id="new-plan-cmmiGroup-POLICY_AND_PROGRAMS_GROUP"
                        name="basics.cmmiGroups"
                        onBlur={[Function]}
                        onChange={[Function]}
                        type="checkbox"
                        value="POLICY_AND_PROGRAMS_GROUP"
                      />
                      <label
                        className="usa-checkbox__label"
                        htmlFor="new-plan-cmmiGroup-POLICY_AND_PROGRAMS_GROUP"
                        style={
                          Object {
                            "width": "fit-content",
                          }
                        }
                      >
                        Policy and Programs Group (PPG)
                      </label>
                      <p
                        className="margin-y-1 margin-left-4 line-height-body-3 font-body-2xs text-gray-30"
                      />
                    </div>
                    <div
                      className="mint-checkbox usa-checkbox easy-checkbox--disabled"
                    >
                      <input
                        checked={false}
                        className="usa-checkbox__input"
                        disabled={true}
                        id="new-plan-cmmiGroup-SEAMLESS_CARE_MODELS_GROUP"
                        name="basics.cmmiGroups"
                        onBlur={[Function]}
                        onChange={[Function]}
                        type="checkbox"
                        value="SEAMLESS_CARE_MODELS_GROUP"
                      />
                      <label
                        className="usa-checkbox__label"
                        htmlFor="new-plan-cmmiGroup-SEAMLESS_CARE_MODELS_GROUP"
                        style={
                          Object {
                            "width": "fit-content",
                          }
                        }
                      >
                        Seamless Care Models Group (SCMG)
                      </label>
                      <p
                        className="margin-y-1 margin-left-4 line-height-body-3 font-body-2xs text-gray-30"
                      />
                    </div>
                    <div
                      className="mint-checkbox usa-checkbox easy-checkbox--disabled"
                    >
                      <input
                        checked={false}
                        className="usa-checkbox__input"
                        disabled={true}
                        id="new-plan-cmmiGroup-STATE_AND_POPULATION_HEALTH_GROUP"
                        name="basics.cmmiGroups"
                        onBlur={[Function]}
                        onChange={[Function]}
                        type="checkbox"
                        value="STATE_AND_POPULATION_HEALTH_GROUP"
                      />
                      <label
                        className="usa-checkbox__label"
                        htmlFor="new-plan-cmmiGroup-STATE_AND_POPULATION_HEALTH_GROUP"
                        style={
                          Object {
                            "width": "fit-content",
                          }
                        }
                      >
                        State and Population Health Group (SPHG)
                      </label>
                      <p
                        className="margin-y-1 margin-left-4 line-height-body-3 font-body-2xs text-gray-30"
                      />
                    </div>
                    <div
                      className="mint-checkbox usa-checkbox easy-checkbox--disabled"
                    >
                      <input
                        checked={false}
                        className="usa-checkbox__input"
                        disabled={true}
                        id="new-plan-cmmiGroup-TBD"
                        name="basics.cmmiGroups"
                        onBlur={[Function]}
                        onChange={[Function]}
                        type="checkbox"
                        value="TBD"
                      />
                      <label
                        className="usa-checkbox__label"
                        htmlFor="new-plan-cmmiGroup-TBD"
                        style={
                          Object {
                            "width": "fit-content",
                          }
                        }
                      >
                        To be determined
                      </label>
                      <p
                        className="margin-y-1 margin-left-4 line-height-body-3 font-body-2xs text-gray-30"
                      />
                    </div>
                  </div>
                  <div
                    className="margin-top-6 margin-bottom-3"
                  >
                    <button
                      className="usa-button"
                      data-testid="button"
                      disabled={false}
                      onClick={[Function]}
                      type="submit"
                    >
                      Next
                    </button>
                  </div>
                  <button
                    className="usa-button usa-button usa-button--unstyled"
                    data-testid="button"
                    onClick={[Function]}
                    type="button"
                  >
                    <svg
                      aria-hidden={true}
                      className="usa-icon margin-right-1"
                      focusable={false}
                      height="1em"
                      role="img"
                      viewBox="0 0 24 24"
                      width="1em"
                      xmlns="http://www.w3.org/2000/svg"
                    >
                      <path
                        d="M0 0h24v24H0z"
                        fill="none"
                      />
                      <path
                        d="M20 11H7.83l5.59-5.59L12 4l-8 8 8 8 1.41-1.41L7.83 13H20v-2z"
                      />
                    </svg>
                    Save and return to task list
                  </button>
                </fieldset>
              </form>
            </div>
            <div
              className="desktop:grid-col-6"
              data-testid="grid"
            />
          </div>
        </div>,
        <div
          className="mint-page-number margin-bottom-10"
        >
          <span
            className="mint-page-number__page-num"
          >
            Page 1 of 3
          </span>
        </div>,
      ]
    </div>
  </div>
</main>
`;
