// Vitest Snapshot v1, https://vitest.dev/guide/snapshot.html

exports[`UtilizingSolutions > matches the snapshot 1`] = `
<DocumentFragment>
  <main
    class="mint-main-content"
    id="main-content"
    role="main"
    tabindex="-1"
  >
    <div
      class="grid-container"
      data-testid="gridContainer"
    >
      <div
        class="desktop:grid-col-12"
        data-testid="grid"
      >
        <button
          class="usa-button usa-button--unstyled margin-top-6"
          data-testid="button"
          type="button"
        >
          <svg
            class="usa-icon margin-right-05 text-tbottom"
            focusable="false"
            height="1em"
            role="img"
            viewBox="0 0 24 24"
            width="1em"
            xmlns="http://www.w3.org/2000/svg"
          >
            <path
              d="M19 6.41 17.59 5 12 10.59 6.41 5 5 6.41 10.59 12 5 17.59 6.41 19 12 13.41 17.59 19 19 17.59 13.41 12z"
            />
          </svg>
          Close tab
        </button>
        <h1
          aria-live="polite"
          class="mint-h1 margin-bottom-1 margin-top-4"
          tabindex="-1"
        >
          Utilizing available operational solutions
        </h1>
        <a
          class="usa-link width-fit-content display-block margin-bottom-1"
          href="/help-and-knowledge/articles?category=it-implementation"
        >
          <span
            aria-label="Articles under the IT implementation category"
            class="mint-tag article__tag bg-primary-lighter text-primary text-no-uppercase text-bold font-body-sm"
            data-testid="tag"
          >
            IT implementation
          </span>
        </a>
        <p
          class="font-body-lg line-height-sans-5 margin-top-0 margin-bottom-4"
        >
          One model will require several operational solutions to complete the essential functions. This is an overview of timing and activities involved in working with existing systems and services.
        </p>
        <div
          class="usa-summary-box bg-base-lightest border-0 radius-0 padding-y-2 padding-x-2"
          data-testid="summary-box"
        >
          <div
            class="usa-summary-box__body"
          >
            <p
              class="margin-top-0 margin-bottom-1"
            >
              Examples of using an existing solution include:
            </p>
            <ol
              class="padding-left-3 margin-y-0"
            >
              <li>
                Using Salesforce to create a Request for Application website
              </li>
              <li>
                Creating a model-specific application in the Reusable Framework
              </li>
              <li>
                Adjusting claims payments in the Fee-for-Service systems
              </li>
              <li>
                Modifying the Health Plan Management System to capture information from Accountable Care Organizations (ACOs)
              </li>
            </ol>
          </div>
        </div>
        <h2
          class="margin-top-6 margin-bottom-2"
        >
          Timing
        </h2>
        <p
          class="margin-y-0 line-height-sans-5"
        >
          The business and system owners of existing systems each determine the timelines for the relevant systems. The IT Lead will assist model teams in understanding and following the release calendar of each system. The timeline below outlines a hypothetical release calendar. All systems are different.
        </p>
        <h3
          class="margin-top-3 margin-bottom-5"
        >
          Hypothetical Release Calendar
        </h3>
        <ol
          class="usa-process-list"
        >
          <li
            class="usa-process-list__item read-only-model-plan__timeline__list-item margin-top-neg-4 maxw-full margin-bottom-4 padding-left-2"
          >
            <h5
              class="usa-process-list__heading font-body-sm text-normal"
              data-testid="processListHeading"
            >
              <strong>
                June
              </strong>
               (6 months out)
            </h5>
            <p
              class="margin-top-105"
            >
              Deadline to submit Change Requests and Prioritize Release Content
            </p>
          </li>
          <li
            class="usa-process-list__item read-only-model-plan__timeline__list-item margin-top-neg-4 maxw-full margin-bottom-4 padding-left-2"
          >
            <h5
              class="usa-process-list__heading font-body-sm text-normal"
              data-testid="processListHeading"
            >
              <strong>
                July
              </strong>
               (5.5 months out)
            </h5>
            <p
              class="margin-top-105"
            >
              Deadline for Contractor to Respond with Candidate Release Plan and Level of Effort estimate
            </p>
          </li>
          <li
            class="usa-process-list__item read-only-model-plan__timeline__list-item margin-top-neg-4 maxw-full margin-bottom-4 padding-left-2"
          >
            <h5
              class="usa-process-list__heading font-body-sm text-normal"
              data-testid="processListHeading"
            >
              <strong>
                August
              </strong>
               (5 months out)
            </h5>
            <p
              class="margin-top-105"
            >
              Scope Baseline Defined 
            </p>
          </li>
          <li
            class="usa-process-list__item read-only-model-plan__timeline__list-item margin-top-neg-4 maxw-full margin-bottom-4 padding-left-2"
          >
            <h5
              class="usa-process-list__heading font-body-sm text-normal"
              data-testid="processListHeading"
            >
              <strong>
                October
              </strong>
               (2.5 months out)
            </h5>
            <p
              class="margin-top-105"
            >
              Requirements Completed
            </p>
          </li>
          <li
            class="usa-process-list__item read-only-model-plan__timeline__list-item margin-top-neg-4 maxw-full margin-bottom-4 padding-left-2"
          >
            <h5
              class="usa-process-list__heading font-body-sm text-normal"
              data-testid="processListHeading"
            >
              <strong>
                December
              </strong>
               (3 weeks out)
            </h5>
            <p
              class="margin-top-105"
            >
              User Acceptance Testing Started
            </p>
          </li>
          <li
            class="usa-process-list__item read-only-model-plan__timeline__list-item margin-top-neg-4 maxw-full margin-bottom-4 padding-left-2"
          >
            <h5
              class="usa-process-list__heading font-body-sm text-normal"
              data-testid="processListHeading"
            >
              <strong>
                December
              </strong>
            </h5>
            <p
              class="margin-top-105"
            >
              Go Live
            </p>
          </li>
        </ol>
        <div
          class="usa-summary-box margin-bottom-6 margin-top-neg-4"
          data-testid="summary-box"
        >
          <div
            class="usa-summary-box__body"
          >
            <h3
              class="usa-summary-box__heading"
            >
              Need timelines for a specific system or service?
            </h3>
            <div
              class="usa-summary-box__text"
            >
              <a
                class="usa-link margin-top-2 display-inline-block"
                href="/help-and-knowledge/operational-solutions?page=1"
              >
                Check out the operational solutions
              </a>
               listed in the Help and Knowledge Center for more information.
            </div>
          </div>
        </div>
        <h2
          class="margin-top-6 margin-bottom-2"
        >
          Activities involved
        </h2>
        <p
          class="margin-y-0 line-height-sans-5"
        >
          The timeline below describes the typical activities for using an existing system. Each CMS system has a unique process for accepting and implementing new requirements. The table below provides the general CMS process as guidance for model teams. However, teams will need to follow the specific procedures of each system. The IT Lead will assist model teams with this.
        </p>
        <h3
          class="margin-top-3 margin-bottom-6"
        >
          Typical activities for using an existing system
        </h3>
        <ol
          class="usa-process-list"
        >
          <li
            class="usa-process-list__item read-only-model-plan__timeline__list-item margin-top-neg-4 maxw-full margin-bottom-4 padding-left-2"
          >
            <h5
              class="usa-process-list__heading font-body-sm"
              data-testid="processListHeading"
            >
              Complete intake with the relevant system
              <p
                class="text-normal margin-bottom-0 margin-top-105"
              >
                (Onboarding Request, Change Request, etc.)
          
          
                <strong>
                  Who:
                </strong>
                 Model Team / IT Lead
              </p>
            </h5>
          </li>
          <li
            class="usa-process-list__item read-only-model-plan__timeline__list-item margin-top-neg-4 maxw-full margin-bottom-4 padding-left-2"
          >
            <h5
              class="usa-process-list__heading font-body-sm"
              data-testid="processListHeading"
            >
              Complete Impact Assessment and Level of Effort (LOE) Estimate 
              <p
                class="text-normal margin-bottom-0 margin-top-105"
              >
                <strong>
                  Who:
                </strong>
                 Contractor
              </p>
            </h5>
          </li>
          <li
            class="usa-process-list__item read-only-model-plan__timeline__list-item margin-top-neg-4 maxw-full margin-bottom-4 padding-left-2"
          >
            <h5
              class="usa-process-list__heading font-body-sm"
              data-testid="processListHeading"
            >
              Evaluate Impact Assessment/LOE and schedule into release
              <p
                class="text-normal margin-bottom-0 margin-top-105"
              >
                <strong>
                  Who:
                </strong>
                 System Team
              </p>
            </h5>
          </li>
          <li
            class="usa-process-list__item read-only-model-plan__timeline__list-item margin-top-neg-4 maxw-full margin-bottom-4 padding-left-2"
          >
            <h5
              class="usa-process-list__heading font-body-sm"
              data-testid="processListHeading"
            >
              Complete Security Impact Assessment
              <p
                class="text-normal margin-bottom-0 margin-top-105"
              >
                <strong>
                  Who:
                </strong>
                 ISSO
              </p>
            </h5>
          </li>
          <li
            class="usa-process-list__item read-only-model-plan__timeline__list-item margin-top-neg-4 maxw-full margin-bottom-4 padding-left-2"
          >
            <h5
              class="usa-process-list__heading font-body-sm"
              data-testid="processListHeading"
            >
              Complete release development and testing
              <p
                class="text-normal margin-bottom-0 margin-top-105"
              >
                <strong>
                  Who:
                </strong>
                 Contractor
              </p>
            </h5>
          </li>
          <li
            class="usa-process-list__item read-only-model-plan__timeline__list-item margin-top-neg-4 maxw-full margin-bottom-4 padding-left-2"
          >
            <h5
              class="usa-process-list__heading font-body-sm"
              data-testid="processListHeading"
            >
              Conduct User Acceptance Testing
              <p
                class="text-normal margin-bottom-0 margin-top-105"
              >
                <strong>
                  Who:
                </strong>
                 Model Team
              </p>
            </h5>
          </li>
          <li
            class="usa-process-list__item read-only-model-plan__timeline__list-item margin-top-neg-4 maxw-full margin-bottom-4 padding-left-2"
          >
            <h5
              class="usa-process-list__heading font-body-sm"
              data-testid="processListHeading"
            >
              Implement the release
              <p
                class="text-normal margin-bottom-0 margin-top-105"
              >
                <strong>
                  Who:
                </strong>
                 Contractor
              </p>
            </h5>
          </li>
        </ol>
        <div
          class="usa-summary-box margin-bottom-6 margin-top-neg-4"
          data-testid="summary-box"
        >
          <div
            class="usa-summary-box__body"
          >
            <h3
              class="usa-summary-box__heading"
            >
              Did you know you can track the status for your operational solutions within MINT?
            </h3>
            <div
              class="usa-summary-box__text"
            >
              <p
                class="margin-bottom-0"
              >
                Model teams should work with their IT Lead to complete the operational solutions and implementation status tracker within the Model Plan to stay organized.
              </p>
            </div>
          </div>
        </div>
      </div>
    </div>
  </main>
  <div
    class="bg-primary-lighter"
  >
    <div
      class="grid-container padding-top-4 padding-bottom-10"
      data-testid="gridContainer"
    >
      <h2
        class="margin-top-0 margin-bottom-1"
      >
        Related help articles
      </h2>
      <dt
        class="margin-bottom-4"
      >
        Below are some additional help articles that you may find useful.
      </dt>
      <ul
        class="usa-card-group"
        data-testid="CardGroup"
      >
        <li
          class="usa-card desktop:grid-col-4 article article-card--isLink"
          data-testid="article-card"
        >
          <div
            class="usa-card__container radius-md shadow-2 minh-mobile padding-3"
          >
            <header
              class="usa-card__header padding-0"
              data-testid="CardHeader"
            >
              <h3
                class="line-height-body-4 margin-bottom-1"
              >
                Phases involved in creating IT and operational support for models
              </h3>
            </header>
            <a
              class="usa-link width-fit-content display-block "
              href="/help-and-knowledge/articles?category=it-implementation"
            >
              <span
                aria-label="Articles under the IT implementation category"
                class="mint-tag article__tag bg-primary-lighter text-primary text-no-uppercase text-bold font-body-sm"
                data-testid="tag"
              >
                IT implementation
              </span>
            </a>
            <div
              class="usa-card__body padding-x-0 article__body"
              data-testid="CardBody"
            >
              <p>
                There are two phases invovled in creating IT and operational support for CMMI models.
              </p>
            </div>
            <div
              class="usa-card__footer padding-x-0 padding-top-2 padding-bottom-0"
              data-testid="CardFooter"
            >
              <button
                aria-label="Read Phases involved in creating IT and operational support for models article"
                class="usa-button usa-button--outline"
                type="button"
              >
                Read
              </button>
            </div>
          </div>
        </li>
        <li
          class="usa-card desktop:grid-col-4 article article-card--isLink"
          data-testid="article-card"
        >
          <div
            class="usa-card__container radius-md shadow-2 minh-mobile padding-3"
          >
            <header
              class="usa-card__header padding-0"
              data-testid="CardHeader"
            >
              <h3
                class="line-height-body-4 margin-bottom-1"
              >
                Model design and solution design
              </h3>
            </header>
            <a
              class="usa-link width-fit-content display-block "
              href="/help-and-knowledge/articles?category=it-implementation"
            >
              <span
                aria-label="Articles under the IT implementation category"
                class="mint-tag article__tag bg-primary-lighter text-primary text-no-uppercase text-bold font-body-sm"
                data-testid="tag"
              >
                IT implementation
              </span>
            </a>
            <div
              class="usa-card__body padding-x-0 article__body"
              data-testid="CardBody"
            >
              <p>
                This is the first phase in obtaining operational support for models. This phase kicks off work within MINT, assembles the team, and identifies all of the IT systems, data, and operational contracts needed to support the model.
              </p>
            </div>
            <div
              class="usa-card__footer padding-x-0 padding-top-2 padding-bottom-0"
              data-testid="CardFooter"
            >
              <button
                aria-label="Read Model design and solution design article"
                class="usa-button usa-button--outline"
                type="button"
              >
                Read
              </button>
            </div>
          </div>
        </li>
        <li
          class="usa-card desktop:grid-col-4 article article-card--isLink"
          data-testid="article-card"
        >
          <div
            class="usa-card__container radius-md shadow-2 minh-mobile padding-3"
          >
            <header
              class="usa-card__header padding-0"
              data-testid="CardHeader"
            >
              <h3
                class="line-height-body-4 margin-bottom-1"
              >
                Model implementation and solution implementation
              </h3>
            </header>
            <a
              class="usa-link width-fit-content display-block "
              href="/help-and-knowledge/articles?category=it-implementation"
            >
              <span
                aria-label="Articles under the IT implementation category"
                class="mint-tag article__tag bg-primary-lighter text-primary text-no-uppercase text-bold font-body-sm"
                data-testid="tag"
              >
                IT implementation
              </span>
            </a>
            <div
              class="usa-card__body padding-x-0 article__body"
              data-testid="CardBody"
            >
              <p>
                This is the second phase in obtaining operational support for models. This phase initiates and completes the necessary IT projects for the model.
              </p>
            </div>
            <div
              class="usa-card__footer padding-x-0 padding-top-2 padding-bottom-0"
              data-testid="CardFooter"
            >
              <button
                aria-label="Read Model implementation and solution implementation article"
                class="usa-button usa-button--outline"
                type="button"
              >
                Read
              </button>
            </div>
          </div>
        </li>
      </ul>
      <a
        href="/help-and-knowledge/articles"
      >
        View all help articles
      </a>
    </div>
  </div>
</DocumentFragment>
`;
